
> worth@0.0.0 test
> vitest --run


[1m[46m RUN [49m[22m [36mv4.0.14 [39m[90mD:/Documents/Vibe/Worthsmith[39m

[90mstdout[2m | src/App.test.jsx[2m > [22m[2mWorthsmithApp[2m > [22m[2mValue Canvas Generation[2m > [22m[2mincludes RICE scores in canvas
[22m[39mCalling backend API for canvas generation...

[90mstdout[2m | src/App.test.jsx[2m > [22m[2mWorthsmithApp[2m > [22m[2mValue Canvas Generation[2m > [22m[2mincludes RICE scores in canvas
[22m[39mResponse status: [90mundefined[39m

[90mstdout[2m | src/App.test.jsx[2m > [22m[2mWorthsmithApp[2m > [22m[2mValue Canvas Generation[2m > [22m[2mincludes RICE scores in canvas
[22m[39mResponse body: {"canvas":{"customerJobs":["Job"],"pains":["Pain"],"gains":["Gain"],"solution":"Solution","painRelievers":["Reliever"],"gainCreators":["Creator"]}}
API response received

[90mstdout[2m | src/App.test.jsx[2m > [22m[2mWorthsmithApp[2m > [22m[2mValue Canvas Generation[2m > [22m[2mincludes recommendation in canvas
[22m[39mCalling backend API for canvas generation...

[90mstdout[2m | src/App.test.jsx[2m > [22m[2mWorthsmithApp[2m > [22m[2mValue Canvas Generation[2m > [22m[2mincludes recommendation in canvas
[22m[39mResponse status: [90mundefined[39m

[90mstdout[2m | src/App.test.jsx[2m > [22m[2mWorthsmithApp[2m > [22m[2mValue Canvas Generation[2m > [22m[2mincludes recommendation in canvas
[22m[39mResponse body: {"canvas":{"customerJobs":["Job"],"pains":["Pain"],"gains":["Gain"],"solution":"Solution","painRelievers":["Reliever"],"gainCreators":["Creator"]}}
API response received

 [31mÔØ»[39m src/App.test.jsx [2m([22m[2m59 tests[22m[2m | [22m[31m8 failed[39m[2m)[22m[33m 71914[2mms[22m[39m
       [32mÔ£ô[39m renders the app with Worthsmith branding[32m 177[2mms[22m[39m
       [32mÔ£ô[39m starts on step 1 (Outcome)[32m 60[2mms[22m[39m
       [32mÔ£ô[39m shows all 5 step indicators[32m 94[2mms[22m[39m
       [33m[2mÔ£ô[22m[39m disables back button on step 1 [33m 530[2mms[22m[39m
       [33m[2mÔ£ô[22m[39m navigates forward through steps [33m 479[2mms[22m[39m
       [33m[2mÔ£ô[22m[39m navigates backward through steps [33m 392[2mms[22m[39m
       [33m[2mÔ£ô[22m[39m captures outcome input [33m 413[2mms[22m[39m
       [33m[2mÔ£ô[22m[39m captures beneficiary input [33m 516[2mms[22m[39m
       [33m[2mÔ£ô[22m[39m persists data when navigating between steps [33m 719[2mms[22m[39m
       [33m[2mÔ£ô[22m[39m renders all four score sliders [33m 760[2mms[22m[39m
       [33m[2mÔ£ô[22m[39m shows default scores of 6 [33m 840[2mms[22m[39m
       [33m[2mÔ£ô[22m[39m updates score when slider changes [33m 801[2mms[22m[39m
       [33m[2mÔ£ô[22m[39m saves story with a title [33m 571[2mms[22m[39m
       [32mÔ£ô[39m does not save if title is cancelled[32m 160[2mms[22m[39m
       [33m[2mÔ£ô[22m[39m loads a saved story when clicked [33m 1045[2mms[22m[39m
       [33m[2mÔ£ô[22m[39m does not load story if cancelled [33m 965[2mms[22m[39m
       [33m[2mÔ£ô[22m[39m deletes a story when confirmed [33m 372[2mms[22m[39m
       [33m[2mÔ£ô[22m[39m generates value statement on final step [33m 2259[2mms[22m[39m
       [32mÔ£ô[39m fills form with example data[32m 175[2mms[22m[39m
       [33m[2mÔ£ô[22m[39m resets form data when confirmed [33m 498[2mms[22m[39m
       [33m[2mÔ£ô[22m[39m saves draft to localStorage [33m 497[2mms[22m[39m
       [32mÔ£ô[39m loads draft from localStorage on mount[32m 40[2mms[22m[39m
       [32mÔ£ô[39m saves stories array to localStorage[32m 181[2mms[22m[39m
       [32mÔ£ô[39m has an express mode toggle button[32m 141[2mms[22m[39m
       [33m[2mÔ£ô[22m[39m does not break navigation when express mode is toggled [33m 383[2mms[22m[39m
       [33m[2mÔ£ô[22m[39m shows DO NOW for high reach, high impact, low effort, high confidence [33m 870[2mms[22m[39m
       [33m[2mÔ£ô[22m[39m shows SPIKE FIRST for high reach, high impact, low effort, low confidence [33m 903[2mms[22m[39m
       [33m[2mÔ£ô[22m[39m shows STRATEGIC BET for high value, high effort, high confidence [33m 839[2mms[22m[39m
       [33m[2mÔ£ô[22m[39m shows DE-RISK FIRST for high value, high effort, low confidence [33m 860[2mms[22m[39m
       [33m[2mÔ£ô[22m[39m shows DO NEXT for high value, medium effort, high confidence [33m 760[2mms[22m[39m
       [33m[2mÔ£ô[22m[39m shows VALIDATE FIRST for high value, medium effort, low confidence [33m 890[2mms[22m[39m
       [33m[2mÔ£ô[22m[39m shows QUICK WIN for medium value, low effort [33m 825[2mms[22m[39m
       [33m[2mÔ£ô[22m[39m shows VALIDATE ASSUMPTIONS for medium value, low confidence [33m 838[2mms[22m[39m
       [33m[2mÔ£ô[22m[39m shows CONSIDER ALTERNATIVES for medium value, high effort [33m 805[2mms[22m[39m
       [33m[2mÔ£ô[22m[39m shows EVALUATE FURTHER for medium value, medium effort, medium confidence [33m 807[2mms[22m[39m
       [33m[2mÔ£ô[22m[39m shows SAY NO for low reach, low impact, high effort [33m 942[2mms[22m[39m
       [33m[2mÔ£ô[22m[39m shows PARK IT for low value, low effort [33m 792[2mms[22m[39m
       [32mÔ£ô[39m shows Compare Stories button in header[32m 31[2mms[22m[39m
       [32mÔ£ô[39m switches to comparison view when button clicked[32m 110[2mms[22m[39m
       [32mÔ£ô[39m shows Back to Editor button in comparison view[32m 98[2mms[22m[39m
       [32mÔ£ô[39m returns to editor when Back to Editor clicked[32m 183[2mms[22m[39m
       [32mÔ£ô[39m displays all saved stories in table[32m 124[2mms[22m[39m
       [32mÔ£ô[39m displays correct column headers[32m 139[2mms[22m[39m
       [32mÔ£ô[39m calculates Value correctly (R├ùI)[32m 104[2mms[22m[39m
       [32mÔ£ô[39m calculates RICE correctly[32m 111[2mms[22m[39m
       [32mÔ£ô[39m shows correct recommendations[32m 116[2mms[22m[39m
       [32mÔ£ô[39m sorts by default (Value descending)[32m 189[2mms[22m[39m
       [32mÔ£ô[39m shows empty state when no stories saved[32m 106[2mms[22m[39m
       [32mÔ£ô[39m hides progress bar in comparison view[32m 127[2mms[22m[39m
[31m       [31m├ù[31m shows Generate Value Canvas button on output step[39m[33m 4584[2mms[22m[39m
[31m       [31m├ù[31m calls API when Generate Value Canvas clicked[39m[33m 4386[2mms[22m[39m
[31m       [31m├ù[31m shows loading state while generating canvas[39m[33m 4572[2mms[22m[39m
[31m       [31m├ù[31m displays canvas after successful generation[39m[33m 5191[2mms[22m[39m
[31m       [31m├ù[31m displays canvas content correctly[39m[33m 4466[2mms[22m[39m
[31m       [31m├ù[31m shows Back to Value Statement button in canvas view[39m[33m 4486[2mms[22m[39m
[31m       [31m├ù[31m returns to output step when Back clicked[39m[33m 6047[2mms[22m[39m
[31m       [31m├ù[31m displays error message when API fails[39m[33m 10847[2mms[22m[39m
       [33m[2mÔ£ô[22m[39m includes RICE scores in canvas [33m 1411[2mms[22m[39m
       [33m[2mÔ£ô[22m[39m includes recommendation in canvas [33m 1280[2mms[22m[39m
node.exe : 
At line:1 char:1
+ & "C:\Program Files\nodejs/node.exe" "C:\Program Files\nodejs/node_mo ...
+ ~~~~~~~~~~~~~~~~~~~~~~~~~~~~~~~~~~~~~~~~~~~~~~~~~~~~~~~~~~~~~~~~~~~~~
    + CategoryInfo          : NotSpecified: (:String) [], RemoteException
    + FullyQualifiedErrorId : NativeCommandError
 
[31mÔÄ»ÔÄ»ÔÄ»ÔÄ»ÔÄ»ÔÄ»ÔÄ»[39m[1m[41m Failed Tests 8 [49m[22m[31mÔÄ»ÔÄ»ÔÄ»ÔÄ»ÔÄ»ÔÄ»ÔÄ»[39m

[41m[1m FAIL [22m[49m src/App.test.jsx[2m > [22mWorthsmithApp[2m > [22mValue Canvas Generation[2m > [22mshows 
Generate Value Canvas button on output step
[31m[1mTestingLibraryElementError[22m[39m: Unable to find an accessible element with the role "button" and name `/Next/i`

Here are the accessible roles:

  img:

  Name "Worthsmith":
  [36m<img[39m
    [33malt[39m=[32m"Worthsmith"[39m
    [33mclass[39m=[32m"w-14 h-14 object-contain drop-shadow-md"[39m
    [33msrc[39m=[32m"/images/worthsmith-logo.png"[39m
  [36m/>[39m

  --------------------------------------------------
  heading:

  Name "Worthsmith":
  [36m<h1[39m
    [33mclass[39m=[32m"text-2xl font-bold text-slate-800"[39m
  [36m/>[39m

  Name "How would you score this?":
  [36m<h2[39m
    [33mclass[39m=[32m"text-xl font-bold text-slate-800"[39m
  [36m/>[39m

  Name "Value Score":
  [36m<h3[39m
    [33mclass[39m=[32m"font-semibold text-slate-800"[39m
  [36m/>[39m

  Name "RICE Score":
  [36m<h3[39m
    [33mclass[39m=[32m"font-semibold text-slate-800"[39m
  [36m/>[39m

  Name "Recommendation":
  [36m<h4[39m
    [33mclass[39m=[32m"font-semibold text-slate-800 mb-2"[39m
  [36m/>[39m

  Name "Progress Overview":
  [36m<h3[39m
    [33mclass[39m=[32m"font-semibold text-slate-800"[39m
  [36m/>[39m

  Name "Value (Reach ├ù Impact)":
  [36m<h3[39m
    [33mclass[39m=[32m"font-semibold text-slate-800 mb-2"[39m
  [36m/>[39m

  Name "Confidence":
  [36m<h3[39m
    [33mclass[39m=[32m"font-semibold text-slate-800 mb-4 text-center"[39m
  [36m/>[39m

  Name "EVALUATE FURTHER":
  [36m<h3[39m
    [33mclass[39m=[32m"font-bold text-lg text-amber-700"[39m
  [36m/>[39m

  --------------------------------------------------
  paragraph:

  Name "":
  [36m<p[39m
    [33mclass[39m=[32m"text-sm text-slate-500"[39m
  [36m/>[39m

  Name "":
  [36m<p[39m
    [33mclass[39m=[32m"text-slate-600 mt-2"[39m
  [36m/>[39m

  Name "":
  [36m<p[39m
    [33mclass[39m=[32m"text-xs text-slate-500 mt-1"[39m
  [36m/>[39m

  Name "":
  [36m<p[39m
    [33mclass[39m=[32m"text-sm text-slate-600 mt-1"[39m
  [36m/>[39m

  Name "":
  [36m<p[39m
    [33mclass[39m=[32m"text-xs text-slate-500 mt-1"[39m
  [36m/>[39m

  Name "":
  [36m<p[39m
    [33mclass[39m=[32m"text-sm text-slate-600"[39m
  [36m/>[39m

  Name "":
  [36m<p[39m
    [33mclass[39m=[32m"text-xs text-slate-400 italic"[39m
  [36m/>[39m

  Name "":
  [36m<p[39m
    [33mclass[39m=[32m"text-xs text-slate-400 italic"[39m
  [36m/>[39m

  Name "":
  [36m<p[39m
    [33mclass[39m=[32m"text-xs text-slate-400 italic"[39m
  [36m/>[39m

  Name "":
  [36m<p[39m
    [33mclass[39m=[32m"text-xs text-slate-400 italic"[39m
  [36m/>[39m

  Name "":
  [36m<p[39m
    [33mclass[39m=[32m"text-xs text-slate-600 line-clamp-2"[39m
  [36m/>[39m

  Name "":
  [36m<p[39m
    [33mclass[39m=[32m"text-xs text-slate-500 mb-4"[39m
  [36m/>[39m

  Name "":
  [36m<p[39m
    [33mclass[39m=[32m"text-sm text-slate-600 mt-2"[39m
  [36m/>[39m

  --------------------------------------------------
  button:

  Name "­ƒôè Compare Stories":
  [36m<button[39m
    [33mclass[39m=[32m"flex items-center gap-2 px-4 py-2 text-sm text-indigo-600 hover:bg-indigo-50 rounded-lg 
transition-colors border-2 border-indigo-200 hover:border-indigo-300"[39m
  [36m/>[39m

  Name "ÔÜí Full":
  [36m<button[39m
    [33mclass[39m=[32m"flex items-center gap-2 px-4 py-2 text-sm rounded-lg transition-colors text-slate-600 border-2 
border-slate-200 hover:border-slate-300"[39m
    [33mtitle[39m=[32m"Switch to Express Mode (3 steps)"[39m
  [36m/>[39m

  Name "­ƒÆ¥ Save Story":
  [36m<button[39m
    [33mclass[39m=[32m"flex items-center gap-2 px-4 py-2 text-sm text-emerald-600 hover:bg-emerald-50 rounded-lg 
transition-colors"[39m
  [36m/>[39m

  Name "Load Example":
  [36m<button[39m
    [33mclass[39m=[32m"flex items-center gap-2 px-4 py-2 text-sm text-sky-600 hover:bg-sky-50 rounded-lg 
transition-colors"[39m
  [36m/>[39m

  Name "Reset":
  [36m<button[39m
    [33mclass[39m=[32m"flex items-center gap-2 px-4 py-2 text-sm text-slate-600 hover:text-red-600 hover:bg-red-50 
rounded-lg transition-colors"[39m
  [36m/>[39m

  Name "Back":
  [36m<button[39m
    [33mclass[39m=[32m"flex items-center gap-2 px-6 py-3 text-slate-600 hover:text-slate-800 disabled:opacity-30 
disabled:cursor-not-allowed transition-all hover:gap-3"[39m
  [36m/>[39m

  Name "Generate Statement":
  [36m<button[39m
    [33mclass[39m=[32m"flex items-center gap-2 px-6 py-3 bg-sky-600 hover:bg-sky-700 text-white rounded-lg font-medium 
shadow-md hover:shadow-lg transition-all hover:gap-3"[39m
  [36m/>[39m

  --------------------------------------------------
  slider:

  Name "":
  [36m<input[39m
    [33mclass[39m=[32m"w-full h-2 rounded-lg appearance-none cursor-pointer transition-all"[39m
    [33mmax[39m=[32m"10"[39m
    [33mmin[39m=[32m"1"[39m
    [33mstyle[39m=[32m"background: linear-gradient(to right, rgb(147, 51, 234) 0%, rgb(147, 51, 234) 55.55555555555556%, 
rgb(226, 232, 240) 55.55555555555556%, rgb(226, 232, 240) 100%);"[39m
    [33mtype[39m=[32m"range"[39m
    [33mvalue[39m=[32m"6"[39m
  [36m/>[39m

  Name "":
  [36m<input[39m
    [33mclass[39m=[32m"w-full h-2 rounded-lg appearance-none cursor-pointer transition-all"[39m
    [33mmax[39m=[32m"10"[39m
    [33mmin[39m=[32m"1"[39m
    [33mstyle[39m=[32m"background: linear-gradient(to right, rgb(16, 185, 129) 0%, rgb(16, 185, 129) 55.55555555555556%, 
rgb(226, 232, 240) 55.55555555555556%, rgb(226, 232, 240) 100%);"[39m
    [33mtype[39m=[32m"range"[39m
    [33mvalue[39m=[32m"6"[39m
  [36m/>[39m

  Name "":
  [36m<input[39m
    [33mclass[39m=[32m"w-full h-2 rounded-lg appearance-none cursor-pointer transition-all"[39m
    [33mmax[39m=[32m"10"[39m
    [33mmin[39m=[32m"1"[39m
    [33mstyle[39m=[32m"background: linear-gradient(to right, rgb(249, 115, 22) 0%, rgb(249, 115, 22) 55.55555555555556%, 
rgb(226, 232, 240) 55.55555555555556%, rgb(226, 232, 240) 100%);"[39m
    [33mtype[39m=[32m"range"[39m
    [33mvalue[39m=[32m"6"[39m
  [36m/>[39m

  Name "":
  [36m<input[39m
    [33mclass[39m=[32m"w-full h-2 rounded-lg appearance-none cursor-pointer transition-all"[39m
    [33mmax[39m=[32m"10"[39m
    [33mmin[39m=[32m"1"[39m
    [33mstyle[39m=[32m"background: linear-gradient(to right, rgb(59, 130, 246) 0%, rgb(59, 130, 246) 55.55555555555556%, 
rgb(226, 232, 240) 55.55555555555556%, rgb(226, 232, 240) 100%);"[39m
    [33mtype[39m=[32m"range"[39m
    [33mvalue[39m=[32m"6"[39m
  [36m/>[39m

  --------------------------------------------------
  strong:

  Name "":
  [36m<strong />[39m

  --------------------------------------------------

Ignored nodes: comments, script, style
[36m<body>[39m
  [36m<div>[39m
    [36m<div[39m
      [33mclass[39m=[32m"min-h-screen bg-gradient-to-br from-slate-50 via-blue-50 to-slate-100 p-4 md:p-8"[39m
    [36m>[39m
      [36m<div[39m
        [33mclass[39m=[32m"max-w-7xl mx-auto"[39m
      [36m>[39m
        [36m<div[39m
          [33mclass[39m=[32m"bg-white rounded-2xl shadow-lg p-6 mb-6 transition-all hover:shadow-xl"[39m
        [36m>[39m
          [36m<div[39m
            [33mclass[39m=[32m"flex items-center justify-between"[39m
          [36m>[39m
            [36m<div[39m
              [33mclass[39m=[32m"flex items-center gap-4"[39m
            [36m>[39m
              [36m<img[39m
                [33malt[39m=[32m"Worthsmith"[39m
                [33mclass[39m=[32m"w-14 h-14 object-contain drop-shadow-md"[39m
                [33msrc[39m=[32m"/images/worthsmith-logo.png"[39m
              [36m/>[39m
              [36m<div>[39m
                [36m<h1[39m
                  [33mclass[39m=[32m"text-2xl font-bold text-slate-800"[39m
                [36m>[39m
                  [0mWorthsmith[0m
                [36m</h1>[39m
                [36m<p[39m
                  [33mclass[39m=[32m"text-sm text-slate-500"[39m
                [36m>[39m
                  [0mValue Articulation Assistant[0m
                [36m</p>[39m
              [36m</div>[39m
            [36m</div>[39m
            [36m<div[39m
              [33mclass[39m=[32m"flex items-center gap-2"[39m
            [36m>[39m
              [36m<button[39m
                [33mclass[39m=[32m"flex items-center gap-2 px-4 py-2 text-sm text-indigo-600 hover:bg-indigo-50 rounded-lg 
transition-colors border-2 border-indigo-200 hover:border-indigo-300"[39m
              [36m>[39m
                [0m­ƒôè [0m
                [0mCompare Stories[0m
              [36m</button>[39m
              [36m<button[39m
                [33mclass[39m=[32m"flex items-center gap-2 px-4 py-2 text-sm rounded-lg transition-colors text-slate-600 
border-2 border-slate-200 hover:border-slate-300"[39m
                [33mtitle[39m=[32m"Switch to Express Mode (3 steps)"[39m
              [36m>[39m
                [0mÔÜí [0m
                [0mFull[0m
              [36m</button>[39m
              [36m<button[39m
                [33mclass[39m=[32m"flex items-center gap-2 px-4 py-2 text-sm text-emerald-600 hover:bg-emerald-50 
rounded-lg transition-colors"[39m
              [36m>[39m
                [0m­ƒÆ¥ Save Story[0m
              [36m</button>[39m
              [36m<button[39m
                [33mclass[39m=[32m"flex items-center gap-2 px-4 py-2 text-sm text-sky-600 hover:bg-sky-50 rounded-lg 
transition-colors"[39m
              [36m>[39m
                [36m<svg[39m
                  [33maria-hidden[39m=[32m"true"[39m
                  [33mclass[39m=[32m"lucide lucide-sparkles w-4 h-4"[39m
                  [33mfill[39m=[32m"none"[39m
                  [33mheight[39m=[32m"24"[39m
                  [33mstroke[39m=[32m"currentColor"[39m
                  [33mstroke-linecap[39m=[32m"round"[39m
                  [33mstroke-linejoin[39m=[32m"round"[39m
                  [33mstroke-width[39m=[32m"2"[39m
                  [33mviewBox[39m=[32m"0 0 24 24"[39m
                  [33mwidth[39m=[32m"24"[39m
                  [33mxmlns[39m=[32m"http://www.w3.org/2000/svg"[39m
                [36m>[39m
                  [36m<path[39m
                    [33md[39m=[32m"M11.017 2.814a1 1 0 0 1 1.966 0l1.051 5.558a2 2 0 0 0 1.594 1.594l5.558 1.051a1 1 0 0 1 
0 1.966l-5.558 1.051a2 2 0 0 0-1.594 1.594l-1.051 5.558a1 1 0 0 1-1.966 0l-1.051-5.558a2 2 0 0 0-1.594-1.594l-5.558-1.051a1 1 
0 0 1 0-1.966l5.558-1.051a2 2 0 0 0 1.594-1.594z"[39m
                  [36m/>[39m
                  [36m<path[39m
                    [33md[39m=[32m"M20 2v4"[39m
                  [36m/>[39m
                  [36m<path[39m
                    [33md[39m=[32m"M22 4h-4"[39m
                  [36m/>[39m
                  [36m<circle[39m
                    [33mcx[39m=[32m"4"[39m
                    [33mcy[39m=[32m"20"[39m
                    [33mr[39m=[32m"2"[39m
                  [36m/>[39m
                [36m</svg>[39m
                [36m<span[39m
                  [33mclass[39m=[32m"hidden sm:inline"[39m
                [36m>[39m
                  [0mLoad Example[0m
                [36m</span>[39m
              [36m</button>[39m
              [36m<button[39m
                [33mclass[39m=[32m"flex items-center gap-2 px-4 py-2 text-sm text-slate-600 hover:text-red-600 
hover:bg-red-50 rounded-lg transition-colors"[39m
              [36m>[39m
                [36m<svg[39m
                  [33maria-hidden[39m=[32m"true"[39m
                  [33mclass[39m=[32m"lucide lucide-rotate-ccw w-4 h-4"[39m
                  [33mfill[39m=[32m"none"[39m
                  [33mheight[39m=[32m"24"[39m
                  [33mstroke[39m=[32m"currentColor"[39m
                  [33mstroke-linecap[39m=[32m"round"[39m
                  [33mstroke-linejoin[39m=[32m"round"[39m
                  [33mstroke-width[39m=[32m"2"[39m
                  [33mviewBox[39m=[32m"0 0 24 24"[39m
                  [33mwidth[39m=[32m"24"[39m
                  [33mxmlns[39m=[32m"http://www.w3.org/2000/svg"[39m
                [36m>[39m
                  [36m<path[39m
                    [33md[39m=[32m"M3 12a9 9 0 1 0 9-9 9.75 9.75 0 0 0-6.74 2.74L3 8"[39m
                  [36m/>[39m
                  [36m<path[39m
                    [33md[39m=[32m"M3 3v5h5"[39m
                  [36m/>[39m
                [36m</svg>[39m
                [36m<span[39m
                  [33mclass[39m=[32m"hidden sm:inline"[39m
                [36m>[39m
                  [0mReset[0m
                [36m</span>[39m
              [36m</button>[39m
            [36m</div>[39m
          [36m</div>[39m
        [36m</div>[39m
        [36m<div[39m
          [33mclass[39m=[32m"bg-white rounded-xl shadow-lg p-6 mb-6 transition-all hover:shadow-xl"[39m
        [36m>[39m
          [36m<div[39m
            [33mclass[39m=[32m"flex items-center justify-between mb-2"[39m
          [36m>[39m
            [36m<div[39m
              [33mclass[39m=[32m"flex flex-col items-center gap-2"[39m
            [36m>[39m
              [36m<div[39m
                [33mclass[39m=[32m"w-12 h-12 rounded-full flex items-center justify-center font-semibold transition-all 
duration-300 bg-emerald-500 text-white shadow-md"[39m
              [36m>[39m
                [36m<svg[39m
                  [33maria-hidden[39m=[32m"true"[39m
                  [33mclass[39m=[32m"lucide lucide-circle-check w-6 h-6"[39m
                  [33mfill[39m=[32m"none"[39m
...
[90m [2mÔØ»[22m Object.getElementError node_modules/@testing-library/dom/dist/config.js:[2m37:19[22m[39m
[90m [2mÔØ»[22m node_modules/@testing-library/dom/dist/query-helpers.js:[2m76:38[22m[39m
[90m [2mÔØ»[22m node_modules/@testing-library/dom/dist/query-helpers.js:[2m52:17[22m[39m
[90m [2mÔØ»[22m node_modules/@testing-library/dom/dist/query-helpers.js:[2m95:19[22m[39m
[36m [2mÔØ»[22m src/App.test.jsx:[2m970:33[22m[39m
    [90m968| [39m      [90m// Navigate to output step[39m
    [90m969| [39m      [35mfor[39m ([35mlet[39m i [33m=[39m [34m0[39m[33m;[39m i [33m<[39m 
[34m5[39m[33m;[39m i[33m++[39m) {
    [90m970| [39m        [35mawait[39m 
user[33m.[39m[34mclick[39m(screen[33m.[39m[34mgetByRole[39m([32m'button'[39m[33m,[39m { name[33m:[39m 
[36m/Next/i[39m }))
    [90m   | [39m                                [31m^[39m
    [90m971| [39m      }
    [90m972| [39m

[31m[2mÔÄ»ÔÄ»ÔÄ»ÔÄ»ÔÄ»ÔÄ»ÔÄ»ÔÄ»ÔÄ»ÔÄ»ÔÄ»ÔÄ»ÔÄ»ÔÄ»ÔÄ»ÔÄ»ÔÄ»ÔÄ»ÔÄ»ÔÄ»ÔÄ»ÔÄ»ÔÄ»ÔÄ»[1/8]ÔÄ»[22m[39m

[41m[1m FAIL [22m[49m src/App.test.jsx[2m > [22mWorthsmithApp[2m > [22mValue Canvas Generation[2m > [22mcalls API 
when Generate Value Canvas clicked
[31m[1mTestingLibraryElementError[22m[39m: Unable to find an accessible element with the role "button" and name `/Next/i`

Here are the accessible roles:

  img:

  Name "Worthsmith":
  [36m<img[39m
    [33malt[39m=[32m"Worthsmith"[39m
    [33mclass[39m=[32m"w-14 h-14 object-contain drop-shadow-md"[39m
    [33msrc[39m=[32m"/images/worthsmith-logo.png"[39m
  [36m/>[39m

  --------------------------------------------------
  heading:

  Name "Worthsmith":
  [36m<h1[39m
    [33mclass[39m=[32m"text-2xl font-bold text-slate-800"[39m
  [36m/>[39m

  Name "How would you score this?":
  [36m<h2[39m
    [33mclass[39m=[32m"text-xl font-bold text-slate-800"[39m
  [36m/>[39m

  Name "Value Score":
  [36m<h3[39m
    [33mclass[39m=[32m"font-semibold text-slate-800"[39m
  [36m/>[39m

  Name "RICE Score":
  [36m<h3[39m
    [33mclass[39m=[32m"font-semibold text-slate-800"[39m
  [36m/>[39m

  Name "Recommendation":
  [36m<h4[39m
    [33mclass[39m=[32m"font-semibold text-slate-800 mb-2"[39m
  [36m/>[39m

  Name "Progress Overview":
  [36m<h3[39m
    [33mclass[39m=[32m"font-semibold text-slate-800"[39m
  [36m/>[39m

  Name "Value (Reach ├ù Impact)":
  [36m<h3[39m
    [33mclass[39m=[32m"font-semibold text-slate-800 mb-2"[39m
  [36m/>[39m

  Name "Confidence":
  [36m<h3[39m
    [33mclass[39m=[32m"font-semibold text-slate-800 mb-4 text-center"[39m
  [36m/>[39m

  Name "EVALUATE FURTHER":
  [36m<h3[39m
    [33mclass[39m=[32m"font-bold text-lg text-amber-700"[39m
  [36m/>[39m

  --------------------------------------------------
  paragraph:

  Name "":
  [36m<p[39m
    [33mclass[39m=[32m"text-sm text-slate-500"[39m
  [36m/>[39m

  Name "":
  [36m<p[39m
    [33mclass[39m=[32m"text-slate-600 mt-2"[39m
  [36m/>[39m

  Name "":
  [36m<p[39m
    [33mclass[39m=[32m"text-xs text-slate-500 mt-1"[39m
  [36m/>[39m

  Name "":
  [36m<p[39m
    [33mclass[39m=[32m"text-sm text-slate-600 mt-1"[39m
  [36m/>[39m

  Name "":
  [36m<p[39m
    [33mclass[39m=[32m"text-xs text-slate-500 mt-1"[39m
  [36m/>[39m

  Name "":
  [36m<p[39m
    [33mclass[39m=[32m"text-sm text-slate-600"[39m
  [36m/>[39m

  Name "":
  [36m<p[39m
    [33mclass[39m=[32m"text-xs text-slate-400 italic"[39m
  [36m/>[39m

  Name "":
  [36m<p[39m
    [33mclass[39m=[32m"text-xs text-slate-400 italic"[39m
  [36m/>[39m

  Name "":
  [36m<p[39m
    [33mclass[39m=[32m"text-xs text-slate-400 italic"[39m
  [36m/>[39m

  Name "":
  [36m<p[39m
    [33mclass[39m=[32m"text-xs text-slate-400 italic"[39m
  [36m/>[39m

  Name "":
  [36m<p[39m
    [33mclass[39m=[32m"text-xs text-slate-600 line-clamp-2"[39m
  [36m/>[39m

  Name "":
  [36m<p[39m
    [33mclass[39m=[32m"text-xs text-slate-500 mb-4"[39m
  [36m/>[39m

  Name "":
  [36m<p[39m
    [33mclass[39m=[32m"text-sm text-slate-600 mt-2"[39m
  [36m/>[39m

  --------------------------------------------------
  button:

  Name "­ƒôè Compare Stories":
  [36m<button[39m
    [33mclass[39m=[32m"flex items-center gap-2 px-4 py-2 text-sm text-indigo-600 hover:bg-indigo-50 rounded-lg 
transition-colors border-2 border-indigo-200 hover:border-indigo-300"[39m
  [36m/>[39m

  Name "ÔÜí Full":
  [36m<button[39m
    [33mclass[39m=[32m"flex items-center gap-2 px-4 py-2 text-sm rounded-lg transition-colors text-slate-600 border-2 
border-slate-200 hover:border-slate-300"[39m
    [33mtitle[39m=[32m"Switch to Express Mode (3 steps)"[39m
  [36m/>[39m

  Name "­ƒÆ¥ Save Story":
  [36m<button[39m
    [33mclass[39m=[32m"flex items-center gap-2 px-4 py-2 text-sm text-emerald-600 hover:bg-emerald-50 rounded-lg 
transition-colors"[39m
  [36m/>[39m

  Name "Load Example":
  [36m<button[39m
    [33mclass[39m=[32m"flex items-center gap-2 px-4 py-2 text-sm text-sky-600 hover:bg-sky-50 rounded-lg 
transition-colors"[39m
  [36m/>[39m

  Name "Reset":
  [36m<button[39m
    [33mclass[39m=[32m"flex items-center gap-2 px-4 py-2 text-sm text-slate-600 hover:text-red-600 hover:bg-red-50 
rounded-lg transition-colors"[39m
  [36m/>[39m

  Name "Back":
  [36m<button[39m
    [33mclass[39m=[32m"flex items-center gap-2 px-6 py-3 text-slate-600 hover:text-slate-800 disabled:opacity-30 
disabled:cursor-not-allowed transition-all hover:gap-3"[39m
  [36m/>[39m

  Name "Generate Statement":
  [36m<button[39m
    [33mclass[39m=[32m"flex items-center gap-2 px-6 py-3 bg-sky-600 hover:bg-sky-700 text-white rounded-lg font-medium 
shadow-md hover:shadow-lg transition-all hover:gap-3"[39m
  [36m/>[39m

  --------------------------------------------------
  slider:

  Name "":
  [36m<input[39m
    [33mclass[39m=[32m"w-full h-2 rounded-lg appearance-none cursor-pointer transition-all"[39m
    [33mmax[39m=[32m"10"[39m
    [33mmin[39m=[32m"1"[39m
    [33mstyle[39m=[32m"background: linear-gradient(to right, rgb(147, 51, 234) 0%, rgb(147, 51, 234) 55.55555555555556%, 
rgb(226, 232, 240) 55.55555555555556%, rgb(226, 232, 240) 100%);"[39m
    [33mtype[39m=[32m"range"[39m
    [33mvalue[39m=[32m"6"[39m
  [36m/>[39m

  Name "":
  [36m<input[39m
    [33mclass[39m=[32m"w-full h-2 rounded-lg appearance-none cursor-pointer transition-all"[39m
    [33mmax[39m=[32m"10"[39m
    [33mmin[39m=[32m"1"[39m
    [33mstyle[39m=[32m"background: linear-gradient(to right, rgb(16, 185, 129) 0%, rgb(16, 185, 129) 55.55555555555556%, 
rgb(226, 232, 240) 55.55555555555556%, rgb(226, 232, 240) 100%);"[39m
    [33mtype[39m=[32m"range"[39m
    [33mvalue[39m=[32m"6"[39m
  [36m/>[39m

  Name "":
  [36m<input[39m
    [33mclass[39m=[32m"w-full h-2 rounded-lg appearance-none cursor-pointer transition-all"[39m
    [33mmax[39m=[32m"10"[39m
    [33mmin[39m=[32m"1"[39m
    [33mstyle[39m=[32m"background: linear-gradient(to right, rgb(249, 115, 22) 0%, rgb(249, 115, 22) 55.55555555555556%, 
rgb(226, 232, 240) 55.55555555555556%, rgb(226, 232, 240) 100%);"[39m
    [33mtype[39m=[32m"range"[39m
    [33mvalue[39m=[32m"6"[39m
  [36m/>[39m

  Name "":
  [36m<input[39m
    [33mclass[39m=[32m"w-full h-2 rounded-lg appearance-none cursor-pointer transition-all"[39m
    [33mmax[39m=[32m"10"[39m
    [33mmin[39m=[32m"1"[39m
    [33mstyle[39m=[32m"background: linear-gradient(to right, rgb(59, 130, 246) 0%, rgb(59, 130, 246) 55.55555555555556%, 
rgb(226, 232, 240) 55.55555555555556%, rgb(226, 232, 240) 100%);"[39m
    [33mtype[39m=[32m"range"[39m
    [33mvalue[39m=[32m"6"[39m
  [36m/>[39m

  --------------------------------------------------
  strong:

  Name "":
  [36m<strong />[39m

  --------------------------------------------------

Ignored nodes: comments, script, style
[36m<body>[39m
  [36m<div>[39m
    [36m<div[39m
      [33mclass[39m=[32m"min-h-screen bg-gradient-to-br from-slate-50 via-blue-50 to-slate-100 p-4 md:p-8"[39m
    [36m>[39m
      [36m<div[39m
        [33mclass[39m=[32m"max-w-7xl mx-auto"[39m
      [36m>[39m
        [36m<div[39m
          [33mclass[39m=[32m"bg-white rounded-2xl shadow-lg p-6 mb-6 transition-all hover:shadow-xl"[39m
        [36m>[39m
          [36m<div[39m
            [33mclass[39m=[32m"flex items-center justify-between"[39m
          [36m>[39m
            [36m<div[39m
              [33mclass[39m=[32m"flex items-center gap-4"[39m
            [36m>[39m
              [36m<img[39m
                [33malt[39m=[32m"Worthsmith"[39m
                [33mclass[39m=[32m"w-14 h-14 object-contain drop-shadow-md"[39m
                [33msrc[39m=[32m"/images/worthsmith-logo.png"[39m
              [36m/>[39m
              [36m<div>[39m
                [36m<h1[39m
                  [33mclass[39m=[32m"text-2xl font-bold text-slate-800"[39m
                [36m>[39m
                  [0mWorthsmith[0m
                [36m</h1>[39m
                [36m<p[39m
                  [33mclass[39m=[32m"text-sm text-slate-500"[39m
                [36m>[39m
                  [0mValue Articulation Assistant[0m
                [36m</p>[39m
              [36m</div>[39m
            [36m</div>[39m
            [36m<div[39m
              [33mclass[39m=[32m"flex items-center gap-2"[39m
            [36m>[39m
              [36m<button[39m
                [33mclass[39m=[32m"flex items-center gap-2 px-4 py-2 text-sm text-indigo-600 hover:bg-indigo-50 rounded-lg 
transition-colors border-2 border-indigo-200 hover:border-indigo-300"[39m
              [36m>[39m
                [0m­ƒôè [0m
                [0mCompare Stories[0m
              [36m</button>[39m
              [36m<button[39m
                [33mclass[39m=[32m"flex items-center gap-2 px-4 py-2 text-sm rounded-lg transition-colors text-slate-600 
border-2 border-slate-200 hover:border-slate-300"[39m
                [33mtitle[39m=[32m"Switch to Express Mode (3 steps)"[39m
              [36m>[39m
                [0mÔÜí [0m
                [0mFull[0m
              [36m</button>[39m
              [36m<button[39m
                [33mclass[39m=[32m"flex items-center gap-2 px-4 py-2 text-sm text-emerald-600 hover:bg-emerald-50 
rounded-lg transition-colors"[39m
              [36m>[39m
                [0m­ƒÆ¥ Save Story[0m
              [36m</button>[39m
              [36m<button[39m
                [33mclass[39m=[32m"flex items-center gap-2 px-4 py-2 text-sm text-sky-600 hover:bg-sky-50 rounded-lg 
transition-colors"[39m
              [36m>[39m
                [36m<svg[39m
                  [33maria-hidden[39m=[32m"true"[39m
                  [33mclass[39m=[32m"lucide lucide-sparkles w-4 h-4"[39m
                  [33mfill[39m=[32m"none"[39m
                  [33mheight[39m=[32m"24"[39m
                  [33mstroke[39m=[32m"currentColor"[39m
                  [33mstroke-linecap[39m=[32m"round"[39m
                  [33mstroke-linejoin[39m=[32m"round"[39m
                  [33mstroke-width[39m=[32m"2"[39m
                  [33mviewBox[39m=[32m"0 0 24 24"[39m
                  [33mwidth[39m=[32m"24"[39m
                  [33mxmlns[39m=[32m"http://www.w3.org/2000/svg"[39m
                [36m>[39m
                  [36m<path[39m
                    [33md[39m=[32m"M11.017 2.814a1 1 0 0 1 1.966 0l1.051 5.558a2 2 0 0 0 1.594 1.594l5.558 1.051a1 1 0 0 1 
0 1.966l-5.558 1.051a2 2 0 0 0-1.594 1.594l-1.051 5.558a1 1 0 0 1-1.966 0l-1.051-5.558a2 2 0 0 0-1.594-1.594l-5.558-1.051a1 1 
0 0 1 0-1.966l5.558-1.051a2 2 0 0 0 1.594-1.594z"[39m
                  [36m/>[39m
                  [36m<path[39m
                    [33md[39m=[32m"M20 2v4"[39m
                  [36m/>[39m
                  [36m<path[39m
                    [33md[39m=[32m"M22 4h-4"[39m
                  [36m/>[39m
                  [36m<circle[39m
                    [33mcx[39m=[32m"4"[39m
                    [33mcy[39m=[32m"20"[39m
                    [33mr[39m=[32m"2"[39m
                  [36m/>[39m
                [36m</svg>[39m
                [36m<span[39m
                  [33mclass[39m=[32m"hidden sm:inline"[39m
                [36m>[39m
                  [0mLoad Example[0m
                [36m</span>[39m
              [36m</button>[39m
              [36m<button[39m
                [33mclass[39m=[32m"flex items-center gap-2 px-4 py-2 text-sm text-slate-600 hover:text-red-600 
hover:bg-red-50 rounded-lg transition-colors"[39m
              [36m>[39m
                [36m<svg[39m
                  [33maria-hidden[39m=[32m"true"[39m
                  [33mclass[39m=[32m"lucide lucide-rotate-ccw w-4 h-4"[39m
                  [33mfill[39m=[32m"none"[39m
                  [33mheight[39m=[32m"24"[39m
                  [33mstroke[39m=[32m"currentColor"[39m
                  [33mstroke-linecap[39m=[32m"round"[39m
                  [33mstroke-linejoin[39m=[32m"round"[39m
                  [33mstroke-width[39m=[32m"2"[39m
                  [33mviewBox[39m=[32m"0 0 24 24"[39m
                  [33mwidth[39m=[32m"24"[39m
                  [33mxmlns[39m=[32m"http://www.w3.org/2000/svg"[39m
                [36m>[39m
                  [36m<path[39m
                    [33md[39m=[32m"M3 12a9 9 0 1 0 9-9 9.75 9.75 0 0 0-6.74 2.74L3 8"[39m
                  [36m/>[39m
                  [36m<path[39m
                    [33md[39m=[32m"M3 3v5h5"[39m
                  [36m/>[39m
                [36m</svg>[39m
                [36m<span[39m
                  [33mclass[39m=[32m"hidden sm:inline"[39m
                [36m>[39m
                  [0mReset[0m
                [36m</span>[39m
              [36m</button>[39m
            [36m</div>[39m
          [36m</div>[39m
        [36m</div>[39m
        [36m<div[39m
          [33mclass[39m=[32m"bg-white rounded-xl shadow-lg p-6 mb-6 transition-all hover:shadow-xl"[39m
        [36m>[39m
          [36m<div[39m
            [33mclass[39m=[32m"flex items-center justify-between mb-2"[39m
          [36m>[39m
            [36m<div[39m
              [33mclass[39m=[32m"flex flex-col items-center gap-2"[39m
            [36m>[39m
              [36m<div[39m
                [33mclass[39m=[32m"w-12 h-12 rounded-full flex items-center justify-center font-semibold transition-all 
duration-300 bg-emerald-500 text-white shadow-md"[39m
              [36m>[39m
                [36m<svg[39m
                  [33maria-hidden[39m=[32m"true"[39m
                  [33mclass[39m=[32m"lucide lucide-circle-check w-6 h-6"[39m
                  [33mfill[39m=[32m"none"[39m
...
[90m [2mÔØ»[22m Object.getElementError node_modules/@testing-library/dom/dist/config.js:[2m37:19[22m[39m
[90m [2mÔØ»[22m node_modules/@testing-library/dom/dist/query-helpers.js:[2m76:38[22m[39m
[90m [2mÔØ»[22m node_modules/@testing-library/dom/dist/query-helpers.js:[2m52:17[22m[39m
[90m [2mÔØ»[22m node_modules/@testing-library/dom/dist/query-helpers.js:[2m95:19[22m[39m
[36m [2mÔØ»[22m src/App.test.jsx:[2m1002:33[22m[39m
    [90m1000| [39m      [90m// Navigate to output step[39m
    [90m1001| [39m      [35mfor[39m ([35mlet[39m i [33m=[39m [34m0[39m[33m;[39m i [33m<[39m 
[34m5[39m[33m;[39m i[33m++[39m) {
    [90m1002| [39m        [35mawait[39m 
user[33m.[39m[34mclick[39m(screen[33m.[39m[34mgetByRole[39m([32m'button'[39m[33m,[39m { name[33m:[39m 
[36m/Next/i[39m }))
    [90m   | [39m                                [31m^[39m
    [90m1003| [39m      }
    [90m1004| [39m

[31m[2mÔÄ»ÔÄ»ÔÄ»ÔÄ»ÔÄ»ÔÄ»ÔÄ»ÔÄ»ÔÄ»ÔÄ»ÔÄ»ÔÄ»ÔÄ»ÔÄ»ÔÄ»ÔÄ»ÔÄ»ÔÄ»ÔÄ»ÔÄ»ÔÄ»ÔÄ»ÔÄ»ÔÄ»[2/8]ÔÄ»[22m[39m

[41m[1m FAIL [22m[49m src/App.test.jsx[2m > [22mWorthsmithApp[2m > [22mValue Canvas Generation[2m > [22mshows 
loading state while generating canvas
[31m[1mTestingLibraryElementError[22m[39m: Unable to find an accessible element with the role "button" and name `/Next/i`

Here are the accessible roles:

  img:

  Name "Worthsmith":
  [36m<img[39m
    [33malt[39m=[32m"Worthsmith"[39m
    [33mclass[39m=[32m"w-14 h-14 object-contain drop-shadow-md"[39m
    [33msrc[39m=[32m"/images/worthsmith-logo.png"[39m
  [36m/>[39m

  --------------------------------------------------
  heading:

  Name "Worthsmith":
  [36m<h1[39m
    [33mclass[39m=[32m"text-2xl font-bold text-slate-800"[39m
  [36m/>[39m

  Name "How would you score this?":
  [36m<h2[39m
    [33mclass[39m=[32m"text-xl font-bold text-slate-800"[39m
  [36m/>[39m

  Name "Value Score":
  [36m<h3[39m
    [33mclass[39m=[32m"font-semibold text-slate-800"[39m
  [36m/>[39m

  Name "RICE Score":
  [36m<h3[39m
    [33mclass[39m=[32m"font-semibold text-slate-800"[39m
  [36m/>[39m

  Name "Recommendation":
  [36m<h4[39m
    [33mclass[39m=[32m"font-semibold text-slate-800 mb-2"[39m
  [36m/>[39m

  Name "Progress Overview":
  [36m<h3[39m
    [33mclass[39m=[32m"font-semibold text-slate-800"[39m
  [36m/>[39m

  Name "Value (Reach ├ù Impact)":
  [36m<h3[39m
    [33mclass[39m=[32m"font-semibold text-slate-800 mb-2"[39m
  [36m/>[39m

  Name "Confidence":
  [36m<h3[39m
    [33mclass[39m=[32m"font-semibold text-slate-800 mb-4 text-center"[39m
  [36m/>[39m

  Name "EVALUATE FURTHER":
  [36m<h3[39m
    [33mclass[39m=[32m"font-bold text-lg text-amber-700"[39m
  [36m/>[39m

  --------------------------------------------------
  paragraph:

  Name "":
  [36m<p[39m
    [33mclass[39m=[32m"text-sm text-slate-500"[39m
  [36m/>[39m

  Name "":
  [36m<p[39m
    [33mclass[39m=[32m"text-slate-600 mt-2"[39m
  [36m/>[39m

  Name "":
  [36m<p[39m
    [33mclass[39m=[32m"text-xs text-slate-500 mt-1"[39m
  [36m/>[39m

  Name "":
  [36m<p[39m
    [33mclass[39m=[32m"text-sm text-slate-600 mt-1"[39m
  [36m/>[39m

  Name "":
  [36m<p[39m
    [33mclass[39m=[32m"text-xs text-slate-500 mt-1"[39m
  [36m/>[39m

  Name "":
  [36m<p[39m
    [33mclass[39m=[32m"text-sm text-slate-600"[39m
  [36m/>[39m

  Name "":
  [36m<p[39m
    [33mclass[39m=[32m"text-xs text-slate-400 italic"[39m
  [36m/>[39m

  Name "":
  [36m<p[39m
    [33mclass[39m=[32m"text-xs text-slate-400 italic"[39m
  [36m/>[39m

  Name "":
  [36m<p[39m
    [33mclass[39m=[32m"text-xs text-slate-400 italic"[39m
  [36m/>[39m

  Name "":
  [36m<p[39m
    [33mclass[39m=[32m"text-xs text-slate-400 italic"[39m
  [36m/>[39m

  Name "":
  [36m<p[39m
    [33mclass[39m=[32m"text-xs text-slate-600 line-clamp-2"[39m
  [36m/>[39m

  Name "":
  [36m<p[39m
    [33mclass[39m=[32m"text-xs text-slate-500 mb-4"[39m
  [36m/>[39m

  Name "":
  [36m<p[39m
    [33mclass[39m=[32m"text-sm text-slate-600 mt-2"[39m
  [36m/>[39m

  --------------------------------------------------
  button:

  Name "­ƒôè Compare Stories":
  [36m<button[39m
    [33mclass[39m=[32m"flex items-center gap-2 px-4 py-2 text-sm text-indigo-600 hover:bg-indigo-50 rounded-lg 
transition-colors border-2 border-indigo-200 hover:border-indigo-300"[39m
  [36m/>[39m

  Name "ÔÜí Full":
  [36m<button[39m
    [33mclass[39m=[32m"flex items-center gap-2 px-4 py-2 text-sm rounded-lg transition-colors text-slate-600 border-2 
border-slate-200 hover:border-slate-300"[39m
    [33mtitle[39m=[32m"Switch to Express Mode (3 steps)"[39m
  [36m/>[39m

  Name "­ƒÆ¥ Save Story":
  [36m<button[39m
    [33mclass[39m=[32m"flex items-center gap-2 px-4 py-2 text-sm text-emerald-600 hover:bg-emerald-50 rounded-lg 
transition-colors"[39m
  [36m/>[39m

  Name "Load Example":
  [36m<button[39m
    [33mclass[39m=[32m"flex items-center gap-2 px-4 py-2 text-sm text-sky-600 hover:bg-sky-50 rounded-lg 
transition-colors"[39m
  [36m/>[39m

  Name "Reset":
  [36m<button[39m
    [33mclass[39m=[32m"flex items-center gap-2 px-4 py-2 text-sm text-slate-600 hover:text-red-600 hover:bg-red-50 
rounded-lg transition-colors"[39m
  [36m/>[39m

  Name "Back":
  [36m<button[39m
    [33mclass[39m=[32m"flex items-center gap-2 px-6 py-3 text-slate-600 hover:text-slate-800 disabled:opacity-30 
disabled:cursor-not-allowed transition-all hover:gap-3"[39m
  [36m/>[39m

  Name "Generate Statement":
  [36m<button[39m
    [33mclass[39m=[32m"flex items-center gap-2 px-6 py-3 bg-sky-600 hover:bg-sky-700 text-white rounded-lg font-medium 
shadow-md hover:shadow-lg transition-all hover:gap-3"[39m
  [36m/>[39m

  --------------------------------------------------
  slider:

  Name "":
  [36m<input[39m
    [33mclass[39m=[32m"w-full h-2 rounded-lg appearance-none cursor-pointer transition-all"[39m
    [33mmax[39m=[32m"10"[39m
    [33mmin[39m=[32m"1"[39m
    [33mstyle[39m=[32m"background: linear-gradient(to right, rgb(147, 51, 234) 0%, rgb(147, 51, 234) 55.55555555555556%, 
rgb(226, 232, 240) 55.55555555555556%, rgb(226, 232, 240) 100%);"[39m
    [33mtype[39m=[32m"range"[39m
    [33mvalue[39m=[32m"6"[39m
  [36m/>[39m

  Name "":
  [36m<input[39m
    [33mclass[39m=[32m"w-full h-2 rounded-lg appearance-none cursor-pointer transition-all"[39m
    [33mmax[39m=[32m"10"[39m
    [33mmin[39m=[32m"1"[39m
    [33mstyle[39m=[32m"background: linear-gradient(to right, rgb(16, 185, 129) 0%, rgb(16, 185, 129) 55.55555555555556%, 
rgb(226, 232, 240) 55.55555555555556%, rgb(226, 232, 240) 100%);"[39m
    [33mtype[39m=[32m"range"[39m
    [33mvalue[39m=[32m"6"[39m
  [36m/>[39m

  Name "":
  [36m<input[39m
    [33mclass[39m=[32m"w-full h-2 rounded-lg appearance-none cursor-pointer transition-all"[39m
    [33mmax[39m=[32m"10"[39m
    [33mmin[39m=[32m"1"[39m
    [33mstyle[39m=[32m"background: linear-gradient(to right, rgb(249, 115, 22) 0%, rgb(249, 115, 22) 55.55555555555556%, 
rgb(226, 232, 240) 55.55555555555556%, rgb(226, 232, 240) 100%);"[39m
    [33mtype[39m=[32m"range"[39m
    [33mvalue[39m=[32m"6"[39m
  [36m/>[39m

  Name "":
  [36m<input[39m
    [33mclass[39m=[32m"w-full h-2 rounded-lg appearance-none cursor-pointer transition-all"[39m
    [33mmax[39m=[32m"10"[39m
    [33mmin[39m=[32m"1"[39m
    [33mstyle[39m=[32m"background: linear-gradient(to right, rgb(59, 130, 246) 0%, rgb(59, 130, 246) 55.55555555555556%, 
rgb(226, 232, 240) 55.55555555555556%, rgb(226, 232, 240) 100%);"[39m
    [33mtype[39m=[32m"range"[39m
    [33mvalue[39m=[32m"6"[39m
  [36m/>[39m

  --------------------------------------------------
  strong:

  Name "":
  [36m<strong />[39m

  --------------------------------------------------

Ignored nodes: comments, script, style
[36m<body>[39m
  [36m<div>[39m
    [36m<div[39m
      [33mclass[39m=[32m"min-h-screen bg-gradient-to-br from-slate-50 via-blue-50 to-slate-100 p-4 md:p-8"[39m
    [36m>[39m
      [36m<div[39m
        [33mclass[39m=[32m"max-w-7xl mx-auto"[39m
      [36m>[39m
        [36m<div[39m
          [33mclass[39m=[32m"bg-white rounded-2xl shadow-lg p-6 mb-6 transition-all hover:shadow-xl"[39m
        [36m>[39m
          [36m<div[39m
            [33mclass[39m=[32m"flex items-center justify-between"[39m
          [36m>[39m
            [36m<div[39m
              [33mclass[39m=[32m"flex items-center gap-4"[39m
            [36m>[39m
              [36m<img[39m
                [33malt[39m=[32m"Worthsmith"[39m
                [33mclass[39m=[32m"w-14 h-14 object-contain drop-shadow-md"[39m
                [33msrc[39m=[32m"/images/worthsmith-logo.png"[39m
              [36m/>[39m
              [36m<div>[39m
                [36m<h1[39m
                  [33mclass[39m=[32m"text-2xl font-bold text-slate-800"[39m
                [36m>[39m
                  [0mWorthsmith[0m
                [36m</h1>[39m
                [36m<p[39m
                  [33mclass[39m=[32m"text-sm text-slate-500"[39m
                [36m>[39m
                  [0mValue Articulation Assistant[0m
                [36m</p>[39m
              [36m</div>[39m
            [36m</div>[39m
            [36m<div[39m
              [33mclass[39m=[32m"flex items-center gap-2"[39m
            [36m>[39m
              [36m<button[39m
                [33mclass[39m=[32m"flex items-center gap-2 px-4 py-2 text-sm text-indigo-600 hover:bg-indigo-50 rounded-lg 
transition-colors border-2 border-indigo-200 hover:border-indigo-300"[39m
              [36m>[39m
                [0m­ƒôè [0m
                [0mCompare Stories[0m
              [36m</button>[39m
              [36m<button[39m
                [33mclass[39m=[32m"flex items-center gap-2 px-4 py-2 text-sm rounded-lg transition-colors text-slate-600 
border-2 border-slate-200 hover:border-slate-300"[39m
                [33mtitle[39m=[32m"Switch to Express Mode (3 steps)"[39m
              [36m>[39m
                [0mÔÜí [0m
                [0mFull[0m
              [36m</button>[39m
              [36m<button[39m
                [33mclass[39m=[32m"flex items-center gap-2 px-4 py-2 text-sm text-emerald-600 hover:bg-emerald-50 
rounded-lg transition-colors"[39m
              [36m>[39m
                [0m­ƒÆ¥ Save Story[0m
              [36m</button>[39m
              [36m<button[39m
                [33mclass[39m=[32m"flex items-center gap-2 px-4 py-2 text-sm text-sky-600 hover:bg-sky-50 rounded-lg 
transition-colors"[39m
              [36m>[39m
                [36m<svg[39m
                  [33maria-hidden[39m=[32m"true"[39m
                  [33mclass[39m=[32m"lucide lucide-sparkles w-4 h-4"[39m
                  [33mfill[39m=[32m"none"[39m
                  [33mheight[39m=[32m"24"[39m
                  [33mstroke[39m=[32m"currentColor"[39m
                  [33mstroke-linecap[39m=[32m"round"[39m
                  [33mstroke-linejoin[39m=[32m"round"[39m
                  [33mstroke-width[39m=[32m"2"[39m
                  [33mviewBox[39m=[32m"0 0 24 24"[39m
                  [33mwidth[39m=[32m"24"[39m
                  [33mxmlns[39m=[32m"http://www.w3.org/2000/svg"[39m
                [36m>[39m
                  [36m<path[39m
                    [33md[39m=[32m"M11.017 2.814a1 1 0 0 1 1.966 0l1.051 5.558a2 2 0 0 0 1.594 1.594l5.558 1.051a1 1 0 0 1 
0 1.966l-5.558 1.051a2 2 0 0 0-1.594 1.594l-1.051 5.558a1 1 0 0 1-1.966 0l-1.051-5.558a2 2 0 0 0-1.594-1.594l-5.558-1.051a1 1 
0 0 1 0-1.966l5.558-1.051a2 2 0 0 0 1.594-1.594z"[39m
                  [36m/>[39m
                  [36m<path[39m
                    [33md[39m=[32m"M20 2v4"[39m
                  [36m/>[39m
                  [36m<path[39m
                    [33md[39m=[32m"M22 4h-4"[39m
                  [36m/>[39m
                  [36m<circle[39m
                    [33mcx[39m=[32m"4"[39m
                    [33mcy[39m=[32m"20"[39m
                    [33mr[39m=[32m"2"[39m
                  [36m/>[39m
                [36m</svg>[39m
                [36m<span[39m
                  [33mclass[39m=[32m"hidden sm:inline"[39m
                [36m>[39m
                  [0mLoad Example[0m
                [36m</span>[39m
              [36m</button>[39m
              [36m<button[39m
                [33mclass[39m=[32m"flex items-center gap-2 px-4 py-2 text-sm text-slate-600 hover:text-red-600 
hover:bg-red-50 rounded-lg transition-colors"[39m
              [36m>[39m
                [36m<svg[39m
                  [33maria-hidden[39m=[32m"true"[39m
                  [33mclass[39m=[32m"lucide lucide-rotate-ccw w-4 h-4"[39m
                  [33mfill[39m=[32m"none"[39m
                  [33mheight[39m=[32m"24"[39m
                  [33mstroke[39m=[32m"currentColor"[39m
                  [33mstroke-linecap[39m=[32m"round"[39m
                  [33mstroke-linejoin[39m=[32m"round"[39m
                  [33mstroke-width[39m=[32m"2"[39m
                  [33mviewBox[39m=[32m"0 0 24 24"[39m
                  [33mwidth[39m=[32m"24"[39m
                  [33mxmlns[39m=[32m"http://www.w3.org/2000/svg"[39m
                [36m>[39m
                  [36m<path[39m
                    [33md[39m=[32m"M3 12a9 9 0 1 0 9-9 9.75 9.75 0 0 0-6.74 2.74L3 8"[39m
                  [36m/>[39m
                  [36m<path[39m
                    [33md[39m=[32m"M3 3v5h5"[39m
                  [36m/>[39m
                [36m</svg>[39m
                [36m<span[39m
                  [33mclass[39m=[32m"hidden sm:inline"[39m
                [36m>[39m
                  [0mReset[0m
                [36m</span>[39m
              [36m</button>[39m
            [36m</div>[39m
          [36m</div>[39m
        [36m</div>[39m
        [36m<div[39m
          [33mclass[39m=[32m"bg-white rounded-xl shadow-lg p-6 mb-6 transition-all hover:shadow-xl"[39m
        [36m>[39m
          [36m<div[39m
            [33mclass[39m=[32m"flex items-center justify-between mb-2"[39m
          [36m>[39m
            [36m<div[39m
              [33mclass[39m=[32m"flex flex-col items-center gap-2"[39m
            [36m>[39m
              [36m<div[39m
                [33mclass[39m=[32m"w-12 h-12 rounded-full flex items-center justify-center font-semibold transition-all 
duration-300 bg-emerald-500 text-white shadow-md"[39m
              [36m>[39m
                [36m<svg[39m
                  [33maria-hidden[39m=[32m"true"[39m
                  [33mclass[39m=[32m"lucide lucide-circle-check w-6 h-6"[39m
                  [33mfill[39m=[32m"none"[39m
...
[90m [2mÔØ»[22m Object.getElementError node_modules/@testing-library/dom/dist/config.js:[2m37:19[22m[39m
[90m [2mÔØ»[22m node_modules/@testing-library/dom/dist/query-helpers.js:[2m76:38[22m[39m
[90m [2mÔØ»[22m node_modules/@testing-library/dom/dist/query-helpers.js:[2m52:17[22m[39m
[90m [2mÔØ»[22m node_modules/@testing-library/dom/dist/query-helpers.js:[2m95:19[22m[39m
[36m [2mÔØ»[22m src/App.test.jsx:[2m1044:33[22m[39m
    [90m1042| [39m
    [90m1043| [39m      [35mfor[39m ([35mlet[39m i [33m=[39m [34m0[39m[33m;[39m i [33m<[39m 
[34m5[39m[33m;[39m i[33m++[39m) {
    [90m1044| [39m        [35mawait[39m 
user[33m.[39m[34mclick[39m(screen[33m.[39m[34mgetByRole[39m([32m'button'[39m[33m,[39m { name[33m:[39m 
[36m/Next/i[39m }))
    [90m   | [39m                                [31m^[39m
    [90m1045| [39m      }
    [90m1046| [39m

[31m[2mÔÄ»ÔÄ»ÔÄ»ÔÄ»ÔÄ»ÔÄ»ÔÄ»ÔÄ»ÔÄ»ÔÄ»ÔÄ»ÔÄ»ÔÄ»ÔÄ»ÔÄ»ÔÄ»ÔÄ»ÔÄ»ÔÄ»ÔÄ»ÔÄ»ÔÄ»ÔÄ»ÔÄ»[3/8]ÔÄ»[22m[39m

[41m[1m FAIL [22m[49m src/App.test.jsx[2m > [22mWorthsmithApp[2m > [22mValue Canvas Generation[2m > [22mdisplays 
canvas after successful generation
[31m[1mTestingLibraryElementError[22m[39m: Unable to find an accessible element with the role "button" and name `/Next/i`

Here are the accessible roles:

  img:

  Name "Worthsmith":
  [36m<img[39m
    [33malt[39m=[32m"Worthsmith"[39m
    [33mclass[39m=[32m"w-14 h-14 object-contain drop-shadow-md"[39m
    [33msrc[39m=[32m"/images/worthsmith-logo.png"[39m
  [36m/>[39m

  --------------------------------------------------
  heading:

  Name "Worthsmith":
  [36m<h1[39m
    [33mclass[39m=[32m"text-2xl font-bold text-slate-800"[39m
  [36m/>[39m

  Name "How would you score this?":
  [36m<h2[39m
    [33mclass[39m=[32m"text-xl font-bold text-slate-800"[39m
  [36m/>[39m

  Name "Value Score":
  [36m<h3[39m
    [33mclass[39m=[32m"font-semibold text-slate-800"[39m
  [36m/>[39m

  Name "RICE Score":
  [36m<h3[39m
    [33mclass[39m=[32m"font-semibold text-slate-800"[39m
  [36m/>[39m

  Name "Recommendation":
  [36m<h4[39m
    [33mclass[39m=[32m"font-semibold text-slate-800 mb-2"[39m
  [36m/>[39m

  Name "Progress Overview":
  [36m<h3[39m
    [33mclass[39m=[32m"font-semibold text-slate-800"[39m
  [36m/>[39m

  Name "Value (Reach ├ù Impact)":
  [36m<h3[39m
    [33mclass[39m=[32m"font-semibold text-slate-800 mb-2"[39m
  [36m/>[39m

  Name "Confidence":
  [36m<h3[39m
    [33mclass[39m=[32m"font-semibold text-slate-800 mb-4 text-center"[39m
  [36m/>[39m

  Name "EVALUATE FURTHER":
  [36m<h3[39m
    [33mclass[39m=[32m"font-bold text-lg text-amber-700"[39m
  [36m/>[39m

  --------------------------------------------------
  paragraph:

  Name "":
  [36m<p[39m
    [33mclass[39m=[32m"text-sm text-slate-500"[39m
  [36m/>[39m

  Name "":
  [36m<p[39m
    [33mclass[39m=[32m"text-slate-600 mt-2"[39m
  [36m/>[39m

  Name "":
  [36m<p[39m
    [33mclass[39m=[32m"text-xs text-slate-500 mt-1"[39m
  [36m/>[39m

  Name "":
  [36m<p[39m
    [33mclass[39m=[32m"text-sm text-slate-600 mt-1"[39m
  [36m/>[39m

  Name "":
  [36m<p[39m
    [33mclass[39m=[32m"text-xs text-slate-500 mt-1"[39m
  [36m/>[39m

  Name "":
  [36m<p[39m
    [33mclass[39m=[32m"text-sm text-slate-600"[39m
  [36m/>[39m

  Name "":
  [36m<p[39m
    [33mclass[39m=[32m"text-xs text-slate-400 italic"[39m
  [36m/>[39m

  Name "":
  [36m<p[39m
    [33mclass[39m=[32m"text-xs text-slate-400 italic"[39m
  [36m/>[39m

  Name "":
  [36m<p[39m
    [33mclass[39m=[32m"text-xs text-slate-400 italic"[39m
  [36m/>[39m

  Name "":
  [36m<p[39m
    [33mclass[39m=[32m"text-xs text-slate-400 italic"[39m
  [36m/>[39m

  Name "":
  [36m<p[39m
    [33mclass[39m=[32m"text-xs text-slate-600 line-clamp-2"[39m
  [36m/>[39m

  Name "":
  [36m<p[39m
    [33mclass[39m=[32m"text-xs text-slate-500 mb-4"[39m
  [36m/>[39m

  Name "":
  [36m<p[39m
    [33mclass[39m=[32m"text-sm text-slate-600 mt-2"[39m
  [36m/>[39m

  --------------------------------------------------
  button:

  Name "­ƒôè Compare Stories":
  [36m<button[39m
    [33mclass[39m=[32m"flex items-center gap-2 px-4 py-2 text-sm text-indigo-600 hover:bg-indigo-50 rounded-lg 
transition-colors border-2 border-indigo-200 hover:border-indigo-300"[39m
  [36m/>[39m

  Name "ÔÜí Full":
  [36m<button[39m
    [33mclass[39m=[32m"flex items-center gap-2 px-4 py-2 text-sm rounded-lg transition-colors text-slate-600 border-2 
border-slate-200 hover:border-slate-300"[39m
    [33mtitle[39m=[32m"Switch to Express Mode (3 steps)"[39m
  [36m/>[39m

  Name "­ƒÆ¥ Save Story":
  [36m<button[39m
    [33mclass[39m=[32m"flex items-center gap-2 px-4 py-2 text-sm text-emerald-600 hover:bg-emerald-50 rounded-lg 
transition-colors"[39m
  [36m/>[39m

  Name "Load Example":
  [36m<button[39m
    [33mclass[39m=[32m"flex items-center gap-2 px-4 py-2 text-sm text-sky-600 hover:bg-sky-50 rounded-lg 
transition-colors"[39m
  [36m/>[39m

  Name "Reset":
  [36m<button[39m
    [33mclass[39m=[32m"flex items-center gap-2 px-4 py-2 text-sm text-slate-600 hover:text-red-600 hover:bg-red-50 
rounded-lg transition-colors"[39m
  [36m/>[39m

  Name "Back":
  [36m<button[39m
    [33mclass[39m=[32m"flex items-center gap-2 px-6 py-3 text-slate-600 hover:text-slate-800 disabled:opacity-30 
disabled:cursor-not-allowed transition-all hover:gap-3"[39m
  [36m/>[39m

  Name "Generate Statement":
  [36m<button[39m
    [33mclass[39m=[32m"flex items-center gap-2 px-6 py-3 bg-sky-600 hover:bg-sky-700 text-white rounded-lg font-medium 
shadow-md hover:shadow-lg transition-all hover:gap-3"[39m
  [36m/>[39m

  --------------------------------------------------
  slider:

  Name "":
  [36m<input[39m
    [33mclass[39m=[32m"w-full h-2 rounded-lg appearance-none cursor-pointer transition-all"[39m
    [33mmax[39m=[32m"10"[39m
    [33mmin[39m=[32m"1"[39m
    [33mstyle[39m=[32m"background: linear-gradient(to right, rgb(147, 51, 234) 0%, rgb(147, 51, 234) 55.55555555555556%, 
rgb(226, 232, 240) 55.55555555555556%, rgb(226, 232, 240) 100%);"[39m
    [33mtype[39m=[32m"range"[39m
    [33mvalue[39m=[32m"6"[39m
  [36m/>[39m

  Name "":
  [36m<input[39m
    [33mclass[39m=[32m"w-full h-2 rounded-lg appearance-none cursor-pointer transition-all"[39m
    [33mmax[39m=[32m"10"[39m
    [33mmin[39m=[32m"1"[39m
    [33mstyle[39m=[32m"background: linear-gradient(to right, rgb(16, 185, 129) 0%, rgb(16, 185, 129) 55.55555555555556%, 
rgb(226, 232, 240) 55.55555555555556%, rgb(226, 232, 240) 100%);"[39m
    [33mtype[39m=[32m"range"[39m
    [33mvalue[39m=[32m"6"[39m
  [36m/>[39m

  Name "":
  [36m<input[39m
    [33mclass[39m=[32m"w-full h-2 rounded-lg appearance-none cursor-pointer transition-all"[39m
    [33mmax[39m=[32m"10"[39m
    [33mmin[39m=[32m"1"[39m
    [33mstyle[39m=[32m"background: linear-gradient(to right, rgb(249, 115, 22) 0%, rgb(249, 115, 22) 55.55555555555556%, 
rgb(226, 232, 240) 55.55555555555556%, rgb(226, 232, 240) 100%);"[39m
    [33mtype[39m=[32m"range"[39m
    [33mvalue[39m=[32m"6"[39m
  [36m/>[39m

  Name "":
  [36m<input[39m
    [33mclass[39m=[32m"w-full h-2 rounded-lg appearance-none cursor-pointer transition-all"[39m
    [33mmax[39m=[32m"10"[39m
    [33mmin[39m=[32m"1"[39m
    [33mstyle[39m=[32m"background: linear-gradient(to right, rgb(59, 130, 246) 0%, rgb(59, 130, 246) 55.55555555555556%, 
rgb(226, 232, 240) 55.55555555555556%, rgb(226, 232, 240) 100%);"[39m
    [33mtype[39m=[32m"range"[39m
    [33mvalue[39m=[32m"6"[39m
  [36m/>[39m

  --------------------------------------------------
  strong:

  Name "":
  [36m<strong />[39m

  --------------------------------------------------

Ignored nodes: comments, script, style
[36m<body>[39m
  [36m<div>[39m
    [36m<div[39m
      [33mclass[39m=[32m"min-h-screen bg-gradient-to-br from-slate-50 via-blue-50 to-slate-100 p-4 md:p-8"[39m
    [36m>[39m
      [36m<div[39m
        [33mclass[39m=[32m"max-w-7xl mx-auto"[39m
      [36m>[39m
        [36m<div[39m
          [33mclass[39m=[32m"bg-white rounded-2xl shadow-lg p-6 mb-6 transition-all hover:shadow-xl"[39m
        [36m>[39m
          [36m<div[39m
            [33mclass[39m=[32m"flex items-center justify-between"[39m
          [36m>[39m
            [36m<div[39m
              [33mclass[39m=[32m"flex items-center gap-4"[39m
            [36m>[39m
              [36m<img[39m
                [33malt[39m=[32m"Worthsmith"[39m
                [33mclass[39m=[32m"w-14 h-14 object-contain drop-shadow-md"[39m
                [33msrc[39m=[32m"/images/worthsmith-logo.png"[39m
              [36m/>[39m
              [36m<div>[39m
                [36m<h1[39m
                  [33mclass[39m=[32m"text-2xl font-bold text-slate-800"[39m
                [36m>[39m
                  [0mWorthsmith[0m
                [36m</h1>[39m
                [36m<p[39m
                  [33mclass[39m=[32m"text-sm text-slate-500"[39m
                [36m>[39m
                  [0mValue Articulation Assistant[0m
                [36m</p>[39m
              [36m</div>[39m
            [36m</div>[39m
            [36m<div[39m
              [33mclass[39m=[32m"flex items-center gap-2"[39m
            [36m>[39m
              [36m<button[39m
                [33mclass[39m=[32m"flex items-center gap-2 px-4 py-2 text-sm text-indigo-600 hover:bg-indigo-50 rounded-lg 
transition-colors border-2 border-indigo-200 hover:border-indigo-300"[39m
              [36m>[39m
                [0m­ƒôè [0m
                [0mCompare Stories[0m
              [36m</button>[39m
              [36m<button[39m
                [33mclass[39m=[32m"flex items-center gap-2 px-4 py-2 text-sm rounded-lg transition-colors text-slate-600 
border-2 border-slate-200 hover:border-slate-300"[39m
                [33mtitle[39m=[32m"Switch to Express Mode (3 steps)"[39m
              [36m>[39m
                [0mÔÜí [0m
                [0mFull[0m
              [36m</button>[39m
              [36m<button[39m
                [33mclass[39m=[32m"flex items-center gap-2 px-4 py-2 text-sm text-emerald-600 hover:bg-emerald-50 
rounded-lg transition-colors"[39m
              [36m>[39m
                [0m­ƒÆ¥ Save Story[0m
              [36m</button>[39m
              [36m<button[39m
                [33mclass[39m=[32m"flex items-center gap-2 px-4 py-2 text-sm text-sky-600 hover:bg-sky-50 rounded-lg 
transition-colors"[39m
              [36m>[39m
                [36m<svg[39m
                  [33maria-hidden[39m=[32m"true"[39m
                  [33mclass[39m=[32m"lucide lucide-sparkles w-4 h-4"[39m
                  [33mfill[39m=[32m"none"[39m
                  [33mheight[39m=[32m"24"[39m
                  [33mstroke[39m=[32m"currentColor"[39m
                  [33mstroke-linecap[39m=[32m"round"[39m
                  [33mstroke-linejoin[39m=[32m"round"[39m
                  [33mstroke-width[39m=[32m"2"[39m
                  [33mviewBox[39m=[32m"0 0 24 24"[39m
                  [33mwidth[39m=[32m"24"[39m
                  [33mxmlns[39m=[32m"http://www.w3.org/2000/svg"[39m
                [36m>[39m
                  [36m<path[39m
                    [33md[39m=[32m"M11.017 2.814a1 1 0 0 1 1.966 0l1.051 5.558a2 2 0 0 0 1.594 1.594l5.558 1.051a1 1 0 0 1 
0 1.966l-5.558 1.051a2 2 0 0 0-1.594 1.594l-1.051 5.558a1 1 0 0 1-1.966 0l-1.051-5.558a2 2 0 0 0-1.594-1.594l-5.558-1.051a1 1 
0 0 1 0-1.966l5.558-1.051a2 2 0 0 0 1.594-1.594z"[39m
                  [36m/>[39m
                  [36m<path[39m
                    [33md[39m=[32m"M20 2v4"[39m
                  [36m/>[39m
                  [36m<path[39m
                    [33md[39m=[32m"M22 4h-4"[39m
                  [36m/>[39m
                  [36m<circle[39m
                    [33mcx[39m=[32m"4"[39m
                    [33mcy[39m=[32m"20"[39m
                    [33mr[39m=[32m"2"[39m
                  [36m/>[39m
                [36m</svg>[39m
                [36m<span[39m
                  [33mclass[39m=[32m"hidden sm:inline"[39m
                [36m>[39m
                  [0mLoad Example[0m
                [36m</span>[39m
              [36m</button>[39m
              [36m<button[39m
                [33mclass[39m=[32m"flex items-center gap-2 px-4 py-2 text-sm text-slate-600 hover:text-red-600 
hover:bg-red-50 rounded-lg transition-colors"[39m
              [36m>[39m
                [36m<svg[39m
                  [33maria-hidden[39m=[32m"true"[39m
                  [33mclass[39m=[32m"lucide lucide-rotate-ccw w-4 h-4"[39m
                  [33mfill[39m=[32m"none"[39m
                  [33mheight[39m=[32m"24"[39m
                  [33mstroke[39m=[32m"currentColor"[39m
                  [33mstroke-linecap[39m=[32m"round"[39m
                  [33mstroke-linejoin[39m=[32m"round"[39m
                  [33mstroke-width[39m=[32m"2"[39m
                  [33mviewBox[39m=[32m"0 0 24 24"[39m
                  [33mwidth[39m=[32m"24"[39m
                  [33mxmlns[39m=[32m"http://www.w3.org/2000/svg"[39m
                [36m>[39m
                  [36m<path[39m
                    [33md[39m=[32m"M3 12a9 9 0 1 0 9-9 9.75 9.75 0 0 0-6.74 2.74L3 8"[39m
                  [36m/>[39m
                  [36m<path[39m
                    [33md[39m=[32m"M3 3v5h5"[39m
                  [36m/>[39m
                [36m</svg>[39m
                [36m<span[39m
                  [33mclass[39m=[32m"hidden sm:inline"[39m
                [36m>[39m
                  [0mReset[0m
                [36m</span>[39m
              [36m</button>[39m
            [36m</div>[39m
          [36m</div>[39m
        [36m</div>[39m
        [36m<div[39m
          [33mclass[39m=[32m"bg-white rounded-xl shadow-lg p-6 mb-6 transition-all hover:shadow-xl"[39m
        [36m>[39m
          [36m<div[39m
            [33mclass[39m=[32m"flex items-center justify-between mb-2"[39m
          [36m>[39m
            [36m<div[39m
              [33mclass[39m=[32m"flex flex-col items-center gap-2"[39m
            [36m>[39m
              [36m<div[39m
                [33mclass[39m=[32m"w-12 h-12 rounded-full flex items-center justify-center font-semibold transition-all 
duration-300 bg-emerald-500 text-white shadow-md"[39m
              [36m>[39m
                [36m<svg[39m
                  [33maria-hidden[39m=[32m"true"[39m
                  [33mclass[39m=[32m"lucide lucide-circle-check w-6 h-6"[39m
                  [33mfill[39m=[32m"none"[39m
...
[90m [2mÔØ»[22m Object.getElementError node_modules/@testing-library/dom/dist/config.js:[2m37:19[22m[39m
[90m [2mÔØ»[22m node_modules/@testing-library/dom/dist/query-helpers.js:[2m76:38[22m[39m
[90m [2mÔØ»[22m node_modules/@testing-library/dom/dist/query-helpers.js:[2m52:17[22m[39m
[90m [2mÔØ»[22m node_modules/@testing-library/dom/dist/query-helpers.js:[2m95:19[22m[39m
[36m [2mÔØ»[22m src/App.test.jsx:[2m1078:33[22m[39m
    [90m1076| [39m
    [90m1077| [39m      [35mfor[39m ([35mlet[39m i [33m=[39m [34m0[39m[33m;[39m i [33m<[39m 
[34m5[39m[33m;[39m i[33m++[39m) {
    [90m1078| [39m        [35mawait[39m 
user[33m.[39m[34mclick[39m(screen[33m.[39m[34mgetByRole[39m([32m'button'[39m[33m,[39m { name[33m:[39m 
[36m/Next/i[39m }))
    [90m   | [39m                                [31m^[39m
    [90m1079| [39m      }
    [90m1080| [39m

[31m[2mÔÄ»ÔÄ»ÔÄ»ÔÄ»ÔÄ»ÔÄ»ÔÄ»ÔÄ»ÔÄ»ÔÄ»ÔÄ»ÔÄ»ÔÄ»ÔÄ»ÔÄ»ÔÄ»ÔÄ»ÔÄ»ÔÄ»ÔÄ»ÔÄ»ÔÄ»ÔÄ»ÔÄ»[4/8]ÔÄ»[22m[39m

[41m[1m FAIL [22m[49m src/App.test.jsx[2m > [22mWorthsmithApp[2m > [22mValue Canvas Generation[2m > [22mdisplays 
canvas content correctly
[31m[1mTestingLibraryElementError[22m[39m: Unable to find an accessible element with the role "button" and name `/Next/i`

Here are the accessible roles:

  img:

  Name "Worthsmith":
  [36m<img[39m
    [33malt[39m=[32m"Worthsmith"[39m
    [33mclass[39m=[32m"w-14 h-14 object-contain drop-shadow-md"[39m
    [33msrc[39m=[32m"/images/worthsmith-logo.png"[39m
  [36m/>[39m

  --------------------------------------------------
  heading:

  Name "Worthsmith":
  [36m<h1[39m
    [33mclass[39m=[32m"text-2xl font-bold text-slate-800"[39m
  [36m/>[39m

  Name "How would you score this?":
  [36m<h2[39m
    [33mclass[39m=[32m"text-xl font-bold text-slate-800"[39m
  [36m/>[39m

  Name "Value Score":
  [36m<h3[39m
    [33mclass[39m=[32m"font-semibold text-slate-800"[39m
  [36m/>[39m

  Name "RICE Score":
  [36m<h3[39m
    [33mclass[39m=[32m"font-semibold text-slate-800"[39m
  [36m/>[39m

  Name "Recommendation":
  [36m<h4[39m
    [33mclass[39m=[32m"font-semibold text-slate-800 mb-2"[39m
  [36m/>[39m

  Name "Progress Overview":
  [36m<h3[39m
    [33mclass[39m=[32m"font-semibold text-slate-800"[39m
  [36m/>[39m

  Name "Value (Reach ├ù Impact)":
  [36m<h3[39m
    [33mclass[39m=[32m"font-semibold text-slate-800 mb-2"[39m
  [36m/>[39m

  Name "Confidence":
  [36m<h3[39m
    [33mclass[39m=[32m"font-semibold text-slate-800 mb-4 text-center"[39m
  [36m/>[39m

  Name "EVALUATE FURTHER":
  [36m<h3[39m
    [33mclass[39m=[32m"font-bold text-lg text-amber-700"[39m
  [36m/>[39m

  --------------------------------------------------
  paragraph:

  Name "":
  [36m<p[39m
    [33mclass[39m=[32m"text-sm text-slate-500"[39m
  [36m/>[39m

  Name "":
  [36m<p[39m
    [33mclass[39m=[32m"text-slate-600 mt-2"[39m
  [36m/>[39m

  Name "":
  [36m<p[39m
    [33mclass[39m=[32m"text-xs text-slate-500 mt-1"[39m
  [36m/>[39m

  Name "":
  [36m<p[39m
    [33mclass[39m=[32m"text-sm text-slate-600 mt-1"[39m
  [36m/>[39m

  Name "":
  [36m<p[39m
    [33mclass[39m=[32m"text-xs text-slate-500 mt-1"[39m
  [36m/>[39m

  Name "":
  [36m<p[39m
    [33mclass[39m=[32m"text-sm text-slate-600"[39m
  [36m/>[39m

  Name "":
  [36m<p[39m
    [33mclass[39m=[32m"text-xs text-slate-400 italic"[39m
  [36m/>[39m

  Name "":
  [36m<p[39m
    [33mclass[39m=[32m"text-xs text-slate-400 italic"[39m
  [36m/>[39m

  Name "":
  [36m<p[39m
    [33mclass[39m=[32m"text-xs text-slate-400 italic"[39m
  [36m/>[39m

  Name "":
  [36m<p[39m
    [33mclass[39m=[32m"text-xs text-slate-400 italic"[39m
  [36m/>[39m

  Name "":
  [36m<p[39m
    [33mclass[39m=[32m"text-xs text-slate-600 line-clamp-2"[39m
  [36m/>[39m

  Name "":
  [36m<p[39m
    [33mclass[39m=[32m"text-xs text-slate-500 mb-4"[39m
  [36m/>[39m

  Name "":
  [36m<p[39m
    [33mclass[39m=[32m"text-sm text-slate-600 mt-2"[39m
  [36m/>[39m

  --------------------------------------------------
  button:

  Name "­ƒôè Compare Stories":
  [36m<button[39m
    [33mclass[39m=[32m"flex items-center gap-2 px-4 py-2 text-sm text-indigo-600 hover:bg-indigo-50 rounded-lg 
transition-colors border-2 border-indigo-200 hover:border-indigo-300"[39m
  [36m/>[39m

  Name "ÔÜí Full":
  [36m<button[39m
    [33mclass[39m=[32m"flex items-center gap-2 px-4 py-2 text-sm rounded-lg transition-colors text-slate-600 border-2 
border-slate-200 hover:border-slate-300"[39m
    [33mtitle[39m=[32m"Switch to Express Mode (3 steps)"[39m
  [36m/>[39m

  Name "­ƒÆ¥ Save Story":
  [36m<button[39m
    [33mclass[39m=[32m"flex items-center gap-2 px-4 py-2 text-sm text-emerald-600 hover:bg-emerald-50 rounded-lg 
transition-colors"[39m
  [36m/>[39m

  Name "Load Example":
  [36m<button[39m
    [33mclass[39m=[32m"flex items-center gap-2 px-4 py-2 text-sm text-sky-600 hover:bg-sky-50 rounded-lg 
transition-colors"[39m
  [36m/>[39m

  Name "Reset":
  [36m<button[39m
    [33mclass[39m=[32m"flex items-center gap-2 px-4 py-2 text-sm text-slate-600 hover:text-red-600 hover:bg-red-50 
rounded-lg transition-colors"[39m
  [36m/>[39m

  Name "Back":
  [36m<button[39m
    [33mclass[39m=[32m"flex items-center gap-2 px-6 py-3 text-slate-600 hover:text-slate-800 disabled:opacity-30 
disabled:cursor-not-allowed transition-all hover:gap-3"[39m
  [36m/>[39m

  Name "Generate Statement":
  [36m<button[39m
    [33mclass[39m=[32m"flex items-center gap-2 px-6 py-3 bg-sky-600 hover:bg-sky-700 text-white rounded-lg font-medium 
shadow-md hover:shadow-lg transition-all hover:gap-3"[39m
  [36m/>[39m

  --------------------------------------------------
  slider:

  Name "":
  [36m<input[39m
    [33mclass[39m=[32m"w-full h-2 rounded-lg appearance-none cursor-pointer transition-all"[39m
    [33mmax[39m=[32m"10"[39m
    [33mmin[39m=[32m"1"[39m
    [33mstyle[39m=[32m"background: linear-gradient(to right, rgb(147, 51, 234) 0%, rgb(147, 51, 234) 55.55555555555556%, 
rgb(226, 232, 240) 55.55555555555556%, rgb(226, 232, 240) 100%);"[39m
    [33mtype[39m=[32m"range"[39m
    [33mvalue[39m=[32m"6"[39m
  [36m/>[39m

  Name "":
  [36m<input[39m
    [33mclass[39m=[32m"w-full h-2 rounded-lg appearance-none cursor-pointer transition-all"[39m
    [33mmax[39m=[32m"10"[39m
    [33mmin[39m=[32m"1"[39m
    [33mstyle[39m=[32m"background: linear-gradient(to right, rgb(16, 185, 129) 0%, rgb(16, 185, 129) 55.55555555555556%, 
rgb(226, 232, 240) 55.55555555555556%, rgb(226, 232, 240) 100%);"[39m
    [33mtype[39m=[32m"range"[39m
    [33mvalue[39m=[32m"6"[39m
  [36m/>[39m

  Name "":
  [36m<input[39m
    [33mclass[39m=[32m"w-full h-2 rounded-lg appearance-none cursor-pointer transition-all"[39m
    [33mmax[39m=[32m"10"[39m
    [33mmin[39m=[32m"1"[39m
    [33mstyle[39m=[32m"background: linear-gradient(to right, rgb(249, 115, 22) 0%, rgb(249, 115, 22) 55.55555555555556%, 
rgb(226, 232, 240) 55.55555555555556%, rgb(226, 232, 240) 100%);"[39m
    [33mtype[39m=[32m"range"[39m
    [33mvalue[39m=[32m"6"[39m
  [36m/>[39m

  Name "":
  [36m<input[39m
    [33mclass[39m=[32m"w-full h-2 rounded-lg appearance-none cursor-pointer transition-all"[39m
    [33mmax[39m=[32m"10"[39m
    [33mmin[39m=[32m"1"[39m
    [33mstyle[39m=[32m"background: linear-gradient(to right, rgb(59, 130, 246) 0%, rgb(59, 130, 246) 55.55555555555556%, 
rgb(226, 232, 240) 55.55555555555556%, rgb(226, 232, 240) 100%);"[39m
    [33mtype[39m=[32m"range"[39m
    [33mvalue[39m=[32m"6"[39m
  [36m/>[39m

  --------------------------------------------------
  strong:

  Name "":
  [36m<strong />[39m

  --------------------------------------------------

Ignored nodes: comments, script, style
[36m<body>[39m
  [36m<div>[39m
    [36m<div[39m
      [33mclass[39m=[32m"min-h-screen bg-gradient-to-br from-slate-50 via-blue-50 to-slate-100 p-4 md:p-8"[39m
    [36m>[39m
      [36m<div[39m
        [33mclass[39m=[32m"max-w-7xl mx-auto"[39m
      [36m>[39m
        [36m<div[39m
          [33mclass[39m=[32m"bg-white rounded-2xl shadow-lg p-6 mb-6 transition-all hover:shadow-xl"[39m
        [36m>[39m
          [36m<div[39m
            [33mclass[39m=[32m"flex items-center justify-between"[39m
          [36m>[39m
            [36m<div[39m
              [33mclass[39m=[32m"flex items-center gap-4"[39m
            [36m>[39m
              [36m<img[39m
                [33malt[39m=[32m"Worthsmith"[39m
                [33mclass[39m=[32m"w-14 h-14 object-contain drop-shadow-md"[39m
                [33msrc[39m=[32m"/images/worthsmith-logo.png"[39m
              [36m/>[39m
              [36m<div>[39m
                [36m<h1[39m
                  [33mclass[39m=[32m"text-2xl font-bold text-slate-800"[39m
                [36m>[39m
                  [0mWorthsmith[0m
                [36m</h1>[39m
                [36m<p[39m
                  [33mclass[39m=[32m"text-sm text-slate-500"[39m
                [36m>[39m
                  [0mValue Articulation Assistant[0m
                [36m</p>[39m
              [36m</div>[39m
            [36m</div>[39m
            [36m<div[39m
              [33mclass[39m=[32m"flex items-center gap-2"[39m
            [36m>[39m
              [36m<button[39m
                [33mclass[39m=[32m"flex items-center gap-2 px-4 py-2 text-sm text-indigo-600 hover:bg-indigo-50 rounded-lg 
transition-colors border-2 border-indigo-200 hover:border-indigo-300"[39m
              [36m>[39m
                [0m­ƒôè [0m
                [0mCompare Stories[0m
              [36m</button>[39m
              [36m<button[39m
                [33mclass[39m=[32m"flex items-center gap-2 px-4 py-2 text-sm rounded-lg transition-colors text-slate-600 
border-2 border-slate-200 hover:border-slate-300"[39m
                [33mtitle[39m=[32m"Switch to Express Mode (3 steps)"[39m
              [36m>[39m
                [0mÔÜí [0m
                [0mFull[0m
              [36m</button>[39m
              [36m<button[39m
                [33mclass[39m=[32m"flex items-center gap-2 px-4 py-2 text-sm text-emerald-600 hover:bg-emerald-50 
rounded-lg transition-colors"[39m
              [36m>[39m
                [0m­ƒÆ¥ Save Story[0m
              [36m</button>[39m
              [36m<button[39m
                [33mclass[39m=[32m"flex items-center gap-2 px-4 py-2 text-sm text-sky-600 hover:bg-sky-50 rounded-lg 
transition-colors"[39m
              [36m>[39m
                [36m<svg[39m
                  [33maria-hidden[39m=[32m"true"[39m
                  [33mclass[39m=[32m"lucide lucide-sparkles w-4 h-4"[39m
                  [33mfill[39m=[32m"none"[39m
                  [33mheight[39m=[32m"24"[39m
                  [33mstroke[39m=[32m"currentColor"[39m
                  [33mstroke-linecap[39m=[32m"round"[39m
                  [33mstroke-linejoin[39m=[32m"round"[39m
                  [33mstroke-width[39m=[32m"2"[39m
                  [33mviewBox[39m=[32m"0 0 24 24"[39m
                  [33mwidth[39m=[32m"24"[39m
                  [33mxmlns[39m=[32m"http://www.w3.org/2000/svg"[39m
                [36m>[39m
                  [36m<path[39m
                    [33md[39m=[32m"M11.017 2.814a1 1 0 0 1 1.966 0l1.051 5.558a2 2 0 0 0 1.594 1.594l5.558 1.051a1 1 0 0 1 
0 1.966l-5.558 1.051a2 2 0 0 0-1.594 1.594l-1.051 5.558a1 1 0 0 1-1.966 0l-1.051-5.558a2 2 0 0 0-1.594-1.594l-5.558-1.051a1 1 
0 0 1 0-1.966l5.558-1.051a2 2 0 0 0 1.594-1.594z"[39m
                  [36m/>[39m
                  [36m<path[39m
                    [33md[39m=[32m"M20 2v4"[39m
                  [36m/>[39m
                  [36m<path[39m
                    [33md[39m=[32m"M22 4h-4"[39m
                  [36m/>[39m
                  [36m<circle[39m
                    [33mcx[39m=[32m"4"[39m
                    [33mcy[39m=[32m"20"[39m
                    [33mr[39m=[32m"2"[39m
                  [36m/>[39m
                [36m</svg>[39m
                [36m<span[39m
                  [33mclass[39m=[32m"hidden sm:inline"[39m
                [36m>[39m
                  [0mLoad Example[0m
                [36m</span>[39m
              [36m</button>[39m
              [36m<button[39m
                [33mclass[39m=[32m"flex items-center gap-2 px-4 py-2 text-sm text-slate-600 hover:text-red-600 
hover:bg-red-50 rounded-lg transition-colors"[39m
              [36m>[39m
                [36m<svg[39m
                  [33maria-hidden[39m=[32m"true"[39m
                  [33mclass[39m=[32m"lucide lucide-rotate-ccw w-4 h-4"[39m
                  [33mfill[39m=[32m"none"[39m
                  [33mheight[39m=[32m"24"[39m
                  [33mstroke[39m=[32m"currentColor"[39m
                  [33mstroke-linecap[39m=[32m"round"[39m
                  [33mstroke-linejoin[39m=[32m"round"[39m
                  [33mstroke-width[39m=[32m"2"[39m
                  [33mviewBox[39m=[32m"0 0 24 24"[39m
                  [33mwidth[39m=[32m"24"[39m
                  [33mxmlns[39m=[32m"http://www.w3.org/2000/svg"[39m
                [36m>[39m
                  [36m<path[39m
                    [33md[39m=[32m"M3 12a9 9 0 1 0 9-9 9.75 9.75 0 0 0-6.74 2.74L3 8"[39m
                  [36m/>[39m
                  [36m<path[39m
                    [33md[39m=[32m"M3 3v5h5"[39m
                  [36m/>[39m
                [36m</svg>[39m
                [36m<span[39m
                  [33mclass[39m=[32m"hidden sm:inline"[39m
                [36m>[39m
                  [0mReset[0m
                [36m</span>[39m
              [36m</button>[39m
            [36m</div>[39m
          [36m</div>[39m
        [36m</div>[39m
        [36m<div[39m
          [33mclass[39m=[32m"bg-white rounded-xl shadow-lg p-6 mb-6 transition-all hover:shadow-xl"[39m
        [36m>[39m
          [36m<div[39m
            [33mclass[39m=[32m"flex items-center justify-between mb-2"[39m
          [36m>[39m
            [36m<div[39m
              [33mclass[39m=[32m"flex flex-col items-center gap-2"[39m
            [36m>[39m
              [36m<div[39m
                [33mclass[39m=[32m"w-12 h-12 rounded-full flex items-center justify-center font-semibold transition-all 
duration-300 bg-emerald-500 text-white shadow-md"[39m
              [36m>[39m
                [36m<svg[39m
                  [33maria-hidden[39m=[32m"true"[39m
                  [33mclass[39m=[32m"lucide lucide-circle-check w-6 h-6"[39m
                  [33mfill[39m=[32m"none"[39m
...
[90m [2mÔØ»[22m Object.getElementError node_modules/@testing-library/dom/dist/config.js:[2m37:19[22m[39m
[90m [2mÔØ»[22m node_modules/@testing-library/dom/dist/query-helpers.js:[2m76:38[22m[39m
[90m [2mÔØ»[22m node_modules/@testing-library/dom/dist/query-helpers.js:[2m52:17[22m[39m
[90m [2mÔØ»[22m node_modules/@testing-library/dom/dist/query-helpers.js:[2m95:19[22m[39m
[36m [2mÔØ»[22m src/App.test.jsx:[2m1120:33[22m[39m
    [90m1118| [39m
    [90m1119| [39m      [35mfor[39m ([35mlet[39m i [33m=[39m [34m0[39m[33m;[39m i [33m<[39m 
[34m5[39m[33m;[39m i[33m++[39m) {
    [90m1120| [39m        [35mawait[39m 
user[33m.[39m[34mclick[39m(screen[33m.[39m[34mgetByRole[39m([32m'button'[39m[33m,[39m { name[33m:[39m 
[36m/Next/i[39m }))
    [90m   | [39m                                [31m^[39m
    [90m1121| [39m      }
    [90m1122| [39m

[31m[2mÔÄ»ÔÄ»ÔÄ»ÔÄ»ÔÄ»ÔÄ»ÔÄ»ÔÄ»ÔÄ»ÔÄ»ÔÄ»ÔÄ»ÔÄ»ÔÄ»ÔÄ»ÔÄ»ÔÄ»ÔÄ»ÔÄ»ÔÄ»ÔÄ»ÔÄ»ÔÄ»ÔÄ»[5/8]ÔÄ»[22m[39m

[41m[1m FAIL [22m[49m src/App.test.jsx[2m > [22mWorthsmithApp[2m > [22mValue Canvas Generation[2m > [22mshows Back 
to Value Statement button in canvas view
[31m[1mTestingLibraryElementError[22m[39m: Unable to find an accessible element with the role "button" and name `/Next/i`

Here are the accessible roles:

  img:

  Name "Worthsmith":
  [36m<img[39m
    [33malt[39m=[32m"Worthsmith"[39m
    [33mclass[39m=[32m"w-14 h-14 object-contain drop-shadow-md"[39m
    [33msrc[39m=[32m"/images/worthsmith-logo.png"[39m
  [36m/>[39m

  --------------------------------------------------
  heading:

  Name "Worthsmith":
  [36m<h1[39m
    [33mclass[39m=[32m"text-2xl font-bold text-slate-800"[39m
  [36m/>[39m

  Name "How would you score this?":
  [36m<h2[39m
    [33mclass[39m=[32m"text-xl font-bold text-slate-800"[39m
  [36m/>[39m

  Name "Value Score":
  [36m<h3[39m
    [33mclass[39m=[32m"font-semibold text-slate-800"[39m
  [36m/>[39m

  Name "RICE Score":
  [36m<h3[39m
    [33mclass[39m=[32m"font-semibold text-slate-800"[39m
  [36m/>[39m

  Name "Recommendation":
  [36m<h4[39m
    [33mclass[39m=[32m"font-semibold text-slate-800 mb-2"[39m
  [36m/>[39m

  Name "Progress Overview":
  [36m<h3[39m
    [33mclass[39m=[32m"font-semibold text-slate-800"[39m
  [36m/>[39m

  Name "Value (Reach ├ù Impact)":
  [36m<h3[39m
    [33mclass[39m=[32m"font-semibold text-slate-800 mb-2"[39m
  [36m/>[39m

  Name "Confidence":
  [36m<h3[39m
    [33mclass[39m=[32m"font-semibold text-slate-800 mb-4 text-center"[39m
  [36m/>[39m

  Name "EVALUATE FURTHER":
  [36m<h3[39m
    [33mclass[39m=[32m"font-bold text-lg text-amber-700"[39m
  [36m/>[39m

  --------------------------------------------------
  paragraph:

  Name "":
  [36m<p[39m
    [33mclass[39m=[32m"text-sm text-slate-500"[39m
  [36m/>[39m

  Name "":
  [36m<p[39m
    [33mclass[39m=[32m"text-slate-600 mt-2"[39m
  [36m/>[39m

  Name "":
  [36m<p[39m
    [33mclass[39m=[32m"text-xs text-slate-500 mt-1"[39m
  [36m/>[39m

  Name "":
  [36m<p[39m
    [33mclass[39m=[32m"text-sm text-slate-600 mt-1"[39m
  [36m/>[39m

  Name "":
  [36m<p[39m
    [33mclass[39m=[32m"text-xs text-slate-500 mt-1"[39m
  [36m/>[39m

  Name "":
  [36m<p[39m
    [33mclass[39m=[32m"text-sm text-slate-600"[39m
  [36m/>[39m

  Name "":
  [36m<p[39m
    [33mclass[39m=[32m"text-xs text-slate-400 italic"[39m
  [36m/>[39m

  Name "":
  [36m<p[39m
    [33mclass[39m=[32m"text-xs text-slate-400 italic"[39m
  [36m/>[39m

  Name "":
  [36m<p[39m
    [33mclass[39m=[32m"text-xs text-slate-400 italic"[39m
  [36m/>[39m

  Name "":
  [36m<p[39m
    [33mclass[39m=[32m"text-xs text-slate-400 italic"[39m
  [36m/>[39m

  Name "":
  [36m<p[39m
    [33mclass[39m=[32m"text-xs text-slate-600 line-clamp-2"[39m
  [36m/>[39m

  Name "":
  [36m<p[39m
    [33mclass[39m=[32m"text-xs text-slate-500 mb-4"[39m
  [36m/>[39m

  Name "":
  [36m<p[39m
    [33mclass[39m=[32m"text-sm text-slate-600 mt-2"[39m
  [36m/>[39m

  --------------------------------------------------
  button:

  Name "­ƒôè Compare Stories":
  [36m<button[39m
    [33mclass[39m=[32m"flex items-center gap-2 px-4 py-2 text-sm text-indigo-600 hover:bg-indigo-50 rounded-lg 
transition-colors border-2 border-indigo-200 hover:border-indigo-300"[39m
  [36m/>[39m

  Name "ÔÜí Full":
  [36m<button[39m
    [33mclass[39m=[32m"flex items-center gap-2 px-4 py-2 text-sm rounded-lg transition-colors text-slate-600 border-2 
border-slate-200 hover:border-slate-300"[39m
    [33mtitle[39m=[32m"Switch to Express Mode (3 steps)"[39m
  [36m/>[39m

  Name "­ƒÆ¥ Save Story":
  [36m<button[39m
    [33mclass[39m=[32m"flex items-center gap-2 px-4 py-2 text-sm text-emerald-600 hover:bg-emerald-50 rounded-lg 
transition-colors"[39m
  [36m/>[39m

  Name "Load Example":
  [36m<button[39m
    [33mclass[39m=[32m"flex items-center gap-2 px-4 py-2 text-sm text-sky-600 hover:bg-sky-50 rounded-lg 
transition-colors"[39m
  [36m/>[39m

  Name "Reset":
  [36m<button[39m
    [33mclass[39m=[32m"flex items-center gap-2 px-4 py-2 text-sm text-slate-600 hover:text-red-600 hover:bg-red-50 
rounded-lg transition-colors"[39m
  [36m/>[39m

  Name "Back":
  [36m<button[39m
    [33mclass[39m=[32m"flex items-center gap-2 px-6 py-3 text-slate-600 hover:text-slate-800 disabled:opacity-30 
disabled:cursor-not-allowed transition-all hover:gap-3"[39m
  [36m/>[39m

  Name "Generate Statement":
  [36m<button[39m
    [33mclass[39m=[32m"flex items-center gap-2 px-6 py-3 bg-sky-600 hover:bg-sky-700 text-white rounded-lg font-medium 
shadow-md hover:shadow-lg transition-all hover:gap-3"[39m
  [36m/>[39m

  --------------------------------------------------
  slider:

  Name "":
  [36m<input[39m
    [33mclass[39m=[32m"w-full h-2 rounded-lg appearance-none cursor-pointer transition-all"[39m
    [33mmax[39m=[32m"10"[39m
    [33mmin[39m=[32m"1"[39m
    [33mstyle[39m=[32m"background: linear-gradient(to right, rgb(147, 51, 234) 0%, rgb(147, 51, 234) 55.55555555555556%, 
rgb(226, 232, 240) 55.55555555555556%, rgb(226, 232, 240) 100%);"[39m
    [33mtype[39m=[32m"range"[39m
    [33mvalue[39m=[32m"6"[39m
  [36m/>[39m

  Name "":
  [36m<input[39m
    [33mclass[39m=[32m"w-full h-2 rounded-lg appearance-none cursor-pointer transition-all"[39m
    [33mmax[39m=[32m"10"[39m
    [33mmin[39m=[32m"1"[39m
    [33mstyle[39m=[32m"background: linear-gradient(to right, rgb(16, 185, 129) 0%, rgb(16, 185, 129) 55.55555555555556%, 
rgb(226, 232, 240) 55.55555555555556%, rgb(226, 232, 240) 100%);"[39m
    [33mtype[39m=[32m"range"[39m
    [33mvalue[39m=[32m"6"[39m
  [36m/>[39m

  Name "":
  [36m<input[39m
    [33mclass[39m=[32m"w-full h-2 rounded-lg appearance-none cursor-pointer transition-all"[39m
    [33mmax[39m=[32m"10"[39m
    [33mmin[39m=[32m"1"[39m
    [33mstyle[39m=[32m"background: linear-gradient(to right, rgb(249, 115, 22) 0%, rgb(249, 115, 22) 55.55555555555556%, 
rgb(226, 232, 240) 55.55555555555556%, rgb(226, 232, 240) 100%);"[39m
    [33mtype[39m=[32m"range"[39m
    [33mvalue[39m=[32m"6"[39m
  [36m/>[39m

  Name "":
  [36m<input[39m
    [33mclass[39m=[32m"w-full h-2 rounded-lg appearance-none cursor-pointer transition-all"[39m
    [33mmax[39m=[32m"10"[39m
    [33mmin[39m=[32m"1"[39m
    [33mstyle[39m=[32m"background: linear-gradient(to right, rgb(59, 130, 246) 0%, rgb(59, 130, 246) 55.55555555555556%, 
rgb(226, 232, 240) 55.55555555555556%, rgb(226, 232, 240) 100%);"[39m
    [33mtype[39m=[32m"range"[39m
    [33mvalue[39m=[32m"6"[39m
  [36m/>[39m

  --------------------------------------------------
  strong:

  Name "":
  [36m<strong />[39m

  --------------------------------------------------

Ignored nodes: comments, script, style
[36m<body>[39m
  [36m<div>[39m
    [36m<div[39m
      [33mclass[39m=[32m"min-h-screen bg-gradient-to-br from-slate-50 via-blue-50 to-slate-100 p-4 md:p-8"[39m
    [36m>[39m
      [36m<div[39m
        [33mclass[39m=[32m"max-w-7xl mx-auto"[39m
      [36m>[39m
        [36m<div[39m
          [33mclass[39m=[32m"bg-white rounded-2xl shadow-lg p-6 mb-6 transition-all hover:shadow-xl"[39m
        [36m>[39m
          [36m<div[39m
            [33mclass[39m=[32m"flex items-center justify-between"[39m
          [36m>[39m
            [36m<div[39m
              [33mclass[39m=[32m"flex items-center gap-4"[39m
            [36m>[39m
              [36m<img[39m
                [33malt[39m=[32m"Worthsmith"[39m
                [33mclass[39m=[32m"w-14 h-14 object-contain drop-shadow-md"[39m
                [33msrc[39m=[32m"/images/worthsmith-logo.png"[39m
              [36m/>[39m
              [36m<div>[39m
                [36m<h1[39m
                  [33mclass[39m=[32m"text-2xl font-bold text-slate-800"[39m
                [36m>[39m
                  [0mWorthsmith[0m
                [36m</h1>[39m
                [36m<p[39m
                  [33mclass[39m=[32m"text-sm text-slate-500"[39m
                [36m>[39m
                  [0mValue Articulation Assistant[0m
                [36m</p>[39m
              [36m</div>[39m
            [36m</div>[39m
            [36m<div[39m
              [33mclass[39m=[32m"flex items-center gap-2"[39m
            [36m>[39m
              [36m<button[39m
                [33mclass[39m=[32m"flex items-center gap-2 px-4 py-2 text-sm text-indigo-600 hover:bg-indigo-50 rounded-lg 
transition-colors border-2 border-indigo-200 hover:border-indigo-300"[39m
              [36m>[39m
                [0m­ƒôè [0m
                [0mCompare Stories[0m
              [36m</button>[39m
              [36m<button[39m
                [33mclass[39m=[32m"flex items-center gap-2 px-4 py-2 text-sm rounded-lg transition-colors text-slate-600 
border-2 border-slate-200 hover:border-slate-300"[39m
                [33mtitle[39m=[32m"Switch to Express Mode (3 steps)"[39m
              [36m>[39m
                [0mÔÜí [0m
                [0mFull[0m
              [36m</button>[39m
              [36m<button[39m
                [33mclass[39m=[32m"flex items-center gap-2 px-4 py-2 text-sm text-emerald-600 hover:bg-emerald-50 
rounded-lg transition-colors"[39m
              [36m>[39m
                [0m­ƒÆ¥ Save Story[0m
              [36m</button>[39m
              [36m<button[39m
                [33mclass[39m=[32m"flex items-center gap-2 px-4 py-2 text-sm text-sky-600 hover:bg-sky-50 rounded-lg 
transition-colors"[39m
              [36m>[39m
                [36m<svg[39m
                  [33maria-hidden[39m=[32m"true"[39m
                  [33mclass[39m=[32m"lucide lucide-sparkles w-4 h-4"[39m
                  [33mfill[39m=[32m"none"[39m
                  [33mheight[39m=[32m"24"[39m
                  [33mstroke[39m=[32m"currentColor"[39m
                  [33mstroke-linecap[39m=[32m"round"[39m
                  [33mstroke-linejoin[39m=[32m"round"[39m
                  [33mstroke-width[39m=[32m"2"[39m
                  [33mviewBox[39m=[32m"0 0 24 24"[39m
                  [33mwidth[39m=[32m"24"[39m
                  [33mxmlns[39m=[32m"http://www.w3.org/2000/svg"[39m
                [36m>[39m
                  [36m<path[39m
                    [33md[39m=[32m"M11.017 2.814a1 1 0 0 1 1.966 0l1.051 5.558a2 2 0 0 0 1.594 1.594l5.558 1.051a1 1 0 0 1 
0 1.966l-5.558 1.051a2 2 0 0 0-1.594 1.594l-1.051 5.558a1 1 0 0 1-1.966 0l-1.051-5.558a2 2 0 0 0-1.594-1.594l-5.558-1.051a1 1 
0 0 1 0-1.966l5.558-1.051a2 2 0 0 0 1.594-1.594z"[39m
                  [36m/>[39m
                  [36m<path[39m
                    [33md[39m=[32m"M20 2v4"[39m
                  [36m/>[39m
                  [36m<path[39m
                    [33md[39m=[32m"M22 4h-4"[39m
                  [36m/>[39m
                  [36m<circle[39m
                    [33mcx[39m=[32m"4"[39m
                    [33mcy[39m=[32m"20"[39m
                    [33mr[39m=[32m"2"[39m
                  [36m/>[39m
                [36m</svg>[39m
                [36m<span[39m
                  [33mclass[39m=[32m"hidden sm:inline"[39m
                [36m>[39m
                  [0mLoad Example[0m
                [36m</span>[39m
              [36m</button>[39m
              [36m<button[39m
                [33mclass[39m=[32m"flex items-center gap-2 px-4 py-2 text-sm text-slate-600 hover:text-red-600 
hover:bg-red-50 rounded-lg transition-colors"[39m
              [36m>[39m
                [36m<svg[39m
                  [33maria-hidden[39m=[32m"true"[39m
                  [33mclass[39m=[32m"lucide lucide-rotate-ccw w-4 h-4"[39m
                  [33mfill[39m=[32m"none"[39m
                  [33mheight[39m=[32m"24"[39m
                  [33mstroke[39m=[32m"currentColor"[39m
                  [33mstroke-linecap[39m=[32m"round"[39m
                  [33mstroke-linejoin[39m=[32m"round"[39m
                  [33mstroke-width[39m=[32m"2"[39m
                  [33mviewBox[39m=[32m"0 0 24 24"[39m
                  [33mwidth[39m=[32m"24"[39m
                  [33mxmlns[39m=[32m"http://www.w3.org/2000/svg"[39m
                [36m>[39m
                  [36m<path[39m
                    [33md[39m=[32m"M3 12a9 9 0 1 0 9-9 9.75 9.75 0 0 0-6.74 2.74L3 8"[39m
                  [36m/>[39m
                  [36m<path[39m
                    [33md[39m=[32m"M3 3v5h5"[39m
                  [36m/>[39m
                [36m</svg>[39m
                [36m<span[39m
                  [33mclass[39m=[32m"hidden sm:inline"[39m
                [36m>[39m
                  [0mReset[0m
                [36m</span>[39m
              [36m</button>[39m
            [36m</div>[39m
          [36m</div>[39m
        [36m</div>[39m
        [36m<div[39m
          [33mclass[39m=[32m"bg-white rounded-xl shadow-lg p-6 mb-6 transition-all hover:shadow-xl"[39m
        [36m>[39m
          [36m<div[39m
            [33mclass[39m=[32m"flex items-center justify-between mb-2"[39m
          [36m>[39m
            [36m<div[39m
              [33mclass[39m=[32m"flex flex-col items-center gap-2"[39m
            [36m>[39m
              [36m<div[39m
                [33mclass[39m=[32m"w-12 h-12 rounded-full flex items-center justify-center font-semibold transition-all 
duration-300 bg-emerald-500 text-white shadow-md"[39m
              [36m>[39m
                [36m<svg[39m
                  [33maria-hidden[39m=[32m"true"[39m
                  [33mclass[39m=[32m"lucide lucide-circle-check w-6 h-6"[39m
                  [33mfill[39m=[32m"none"[39m
...
[90m [2mÔØ»[22m Object.getElementError node_modules/@testing-library/dom/dist/config.js:[2m37:19[22m[39m
[90m [2mÔØ»[22m node_modules/@testing-library/dom/dist/query-helpers.js:[2m76:38[22m[39m
[90m [2mÔØ»[22m node_modules/@testing-library/dom/dist/query-helpers.js:[2m52:17[22m[39m
[90m [2mÔØ»[22m node_modules/@testing-library/dom/dist/query-helpers.js:[2m95:19[22m[39m
[36m [2mÔØ»[22m src/App.test.jsx:[2m1158:33[22m[39m
    [90m1156| [39m
    [90m1157| [39m      [35mfor[39m ([35mlet[39m i [33m=[39m [34m0[39m[33m;[39m i [33m<[39m 
[34m5[39m[33m;[39m i[33m++[39m) {
    [90m1158| [39m        [35mawait[39m 
user[33m.[39m[34mclick[39m(screen[33m.[39m[34mgetByRole[39m([32m'button'[39m[33m,[39m { name[33m:[39m 
[36m/Next/i[39m }))
    [90m   | [39m                                [31m^[39m
    [90m1159| [39m      }
    [90m1160| [39m

[31m[2mÔÄ»ÔÄ»ÔÄ»ÔÄ»ÔÄ»ÔÄ»ÔÄ»ÔÄ»ÔÄ»ÔÄ»ÔÄ»ÔÄ»ÔÄ»ÔÄ»ÔÄ»ÔÄ»ÔÄ»ÔÄ»ÔÄ»ÔÄ»ÔÄ»ÔÄ»ÔÄ»ÔÄ»[6/8]ÔÄ»[22m[39m

[41m[1m FAIL [22m[49m src/App.test.jsx[2m > [22mWorthsmithApp[2m > [22mValue Canvas Generation[2m > [22mreturns to 
output step when Back clicked
[31m[1mTestingLibraryElementError[22m[39m: Unable to find an accessible element with the role "button" and name `/Next/i`

Here are the accessible roles:

  img:

  Name "Worthsmith":
  [36m<img[39m
    [33malt[39m=[32m"Worthsmith"[39m
    [33mclass[39m=[32m"w-14 h-14 object-contain drop-shadow-md"[39m
    [33msrc[39m=[32m"/images/worthsmith-logo.png"[39m
  [36m/>[39m

  --------------------------------------------------
  heading:

  Name "Worthsmith":
  [36m<h1[39m
    [33mclass[39m=[32m"text-2xl font-bold text-slate-800"[39m
  [36m/>[39m

  Name "How would you score this?":
  [36m<h2[39m
    [33mclass[39m=[32m"text-xl font-bold text-slate-800"[39m
  [36m/>[39m

  Name "Value Score":
  [36m<h3[39m
    [33mclass[39m=[32m"font-semibold text-slate-800"[39m
  [36m/>[39m

  Name "RICE Score":
  [36m<h3[39m
    [33mclass[39m=[32m"font-semibold text-slate-800"[39m
  [36m/>[39m

  Name "Recommendation":
  [36m<h4[39m
    [33mclass[39m=[32m"font-semibold text-slate-800 mb-2"[39m
  [36m/>[39m

  Name "Progress Overview":
  [36m<h3[39m
    [33mclass[39m=[32m"font-semibold text-slate-800"[39m
  [36m/>[39m

  Name "Value (Reach ├ù Impact)":
  [36m<h3[39m
    [33mclass[39m=[32m"font-semibold text-slate-800 mb-2"[39m
  [36m/>[39m

  Name "Confidence":
  [36m<h3[39m
    [33mclass[39m=[32m"font-semibold text-slate-800 mb-4 text-center"[39m
  [36m/>[39m

  Name "EVALUATE FURTHER":
  [36m<h3[39m
    [33mclass[39m=[32m"font-bold text-lg text-amber-700"[39m
  [36m/>[39m

  --------------------------------------------------
  paragraph:

  Name "":
  [36m<p[39m
    [33mclass[39m=[32m"text-sm text-slate-500"[39m
  [36m/>[39m

  Name "":
  [36m<p[39m
    [33mclass[39m=[32m"text-slate-600 mt-2"[39m
  [36m/>[39m

  Name "":
  [36m<p[39m
    [33mclass[39m=[32m"text-xs text-slate-500 mt-1"[39m
  [36m/>[39m

  Name "":
  [36m<p[39m
    [33mclass[39m=[32m"text-sm text-slate-600 mt-1"[39m
  [36m/>[39m

  Name "":
  [36m<p[39m
    [33mclass[39m=[32m"text-xs text-slate-500 mt-1"[39m
  [36m/>[39m

  Name "":
  [36m<p[39m
    [33mclass[39m=[32m"text-sm text-slate-600"[39m
  [36m/>[39m

  Name "":
  [36m<p[39m
    [33mclass[39m=[32m"text-xs text-slate-400 italic"[39m
  [36m/>[39m

  Name "":
  [36m<p[39m
    [33mclass[39m=[32m"text-xs text-slate-400 italic"[39m
  [36m/>[39m

  Name "":
  [36m<p[39m
    [33mclass[39m=[32m"text-xs text-slate-400 italic"[39m
  [36m/>[39m

  Name "":
  [36m<p[39m
    [33mclass[39m=[32m"text-xs text-slate-400 italic"[39m
  [36m/>[39m

  Name "":
  [36m<p[39m
    [33mclass[39m=[32m"text-xs text-slate-600 line-clamp-2"[39m
  [36m/>[39m

  Name "":
  [36m<p[39m
    [33mclass[39m=[32m"text-xs text-slate-500 mb-4"[39m
  [36m/>[39m

  Name "":
  [36m<p[39m
    [33mclass[39m=[32m"text-sm text-slate-600 mt-2"[39m
  [36m/>[39m

  --------------------------------------------------
  button:

  Name "­ƒôè Compare Stories":
  [36m<button[39m
    [33mclass[39m=[32m"flex items-center gap-2 px-4 py-2 text-sm text-indigo-600 hover:bg-indigo-50 rounded-lg 
transition-colors border-2 border-indigo-200 hover:border-indigo-300"[39m
  [36m/>[39m

  Name "ÔÜí Full":
  [36m<button[39m
    [33mclass[39m=[32m"flex items-center gap-2 px-4 py-2 text-sm rounded-lg transition-colors text-slate-600 border-2 
border-slate-200 hover:border-slate-300"[39m
    [33mtitle[39m=[32m"Switch to Express Mode (3 steps)"[39m
  [36m/>[39m

  Name "­ƒÆ¥ Save Story":
  [36m<button[39m
    [33mclass[39m=[32m"flex items-center gap-2 px-4 py-2 text-sm text-emerald-600 hover:bg-emerald-50 rounded-lg 
transition-colors"[39m
  [36m/>[39m

  Name "Load Example":
  [36m<button[39m
    [33mclass[39m=[32m"flex items-center gap-2 px-4 py-2 text-sm text-sky-600 hover:bg-sky-50 rounded-lg 
transition-colors"[39m
  [36m/>[39m

  Name "Reset":
  [36m<button[39m
    [33mclass[39m=[32m"flex items-center gap-2 px-4 py-2 text-sm text-slate-600 hover:text-red-600 hover:bg-red-50 
rounded-lg transition-colors"[39m
  [36m/>[39m

  Name "Back":
  [36m<button[39m
    [33mclass[39m=[32m"flex items-center gap-2 px-6 py-3 text-slate-600 hover:text-slate-800 disabled:opacity-30 
disabled:cursor-not-allowed transition-all hover:gap-3"[39m
  [36m/>[39m

  Name "Generate Statement":
  [36m<button[39m
    [33mclass[39m=[32m"flex items-center gap-2 px-6 py-3 bg-sky-600 hover:bg-sky-700 text-white rounded-lg font-medium 
shadow-md hover:shadow-lg transition-all hover:gap-3"[39m
  [36m/>[39m

  --------------------------------------------------
  slider:

  Name "":
  [36m<input[39m
    [33mclass[39m=[32m"w-full h-2 rounded-lg appearance-none cursor-pointer transition-all"[39m
    [33mmax[39m=[32m"10"[39m
    [33mmin[39m=[32m"1"[39m
    [33mstyle[39m=[32m"background: linear-gradient(to right, rgb(147, 51, 234) 0%, rgb(147, 51, 234) 55.55555555555556%, 
rgb(226, 232, 240) 55.55555555555556%, rgb(226, 232, 240) 100%);"[39m
    [33mtype[39m=[32m"range"[39m
    [33mvalue[39m=[32m"6"[39m
  [36m/>[39m

  Name "":
  [36m<input[39m
    [33mclass[39m=[32m"w-full h-2 rounded-lg appearance-none cursor-pointer transition-all"[39m
    [33mmax[39m=[32m"10"[39m
    [33mmin[39m=[32m"1"[39m
    [33mstyle[39m=[32m"background: linear-gradient(to right, rgb(16, 185, 129) 0%, rgb(16, 185, 129) 55.55555555555556%, 
rgb(226, 232, 240) 55.55555555555556%, rgb(226, 232, 240) 100%);"[39m
    [33mtype[39m=[32m"range"[39m
    [33mvalue[39m=[32m"6"[39m
  [36m/>[39m

  Name "":
  [36m<input[39m
    [33mclass[39m=[32m"w-full h-2 rounded-lg appearance-none cursor-pointer transition-all"[39m
    [33mmax[39m=[32m"10"[39m
    [33mmin[39m=[32m"1"[39m
    [33mstyle[39m=[32m"background: linear-gradient(to right, rgb(249, 115, 22) 0%, rgb(249, 115, 22) 55.55555555555556%, 
rgb(226, 232, 240) 55.55555555555556%, rgb(226, 232, 240) 100%);"[39m
    [33mtype[39m=[32m"range"[39m
    [33mvalue[39m=[32m"6"[39m
  [36m/>[39m

  Name "":
  [36m<input[39m
    [33mclass[39m=[32m"w-full h-2 rounded-lg appearance-none cursor-pointer transition-all"[39m
    [33mmax[39m=[32m"10"[39m
    [33mmin[39m=[32m"1"[39m
    [33mstyle[39m=[32m"background: linear-gradient(to right, rgb(59, 130, 246) 0%, rgb(59, 130, 246) 55.55555555555556%, 
rgb(226, 232, 240) 55.55555555555556%, rgb(226, 232, 240) 100%);"[39m
    [33mtype[39m=[32m"range"[39m
    [33mvalue[39m=[32m"6"[39m
  [36m/>[39m

  --------------------------------------------------
  strong:

  Name "":
  [36m<strong />[39m

  --------------------------------------------------

Ignored nodes: comments, script, style
[36m<body>[39m
  [36m<div>[39m
    [36m<div[39m
      [33mclass[39m=[32m"min-h-screen bg-gradient-to-br from-slate-50 via-blue-50 to-slate-100 p-4 md:p-8"[39m
    [36m>[39m
      [36m<div[39m
        [33mclass[39m=[32m"max-w-7xl mx-auto"[39m
      [36m>[39m
        [36m<div[39m
          [33mclass[39m=[32m"bg-white rounded-2xl shadow-lg p-6 mb-6 transition-all hover:shadow-xl"[39m
        [36m>[39m
          [36m<div[39m
            [33mclass[39m=[32m"flex items-center justify-between"[39m
          [36m>[39m
            [36m<div[39m
              [33mclass[39m=[32m"flex items-center gap-4"[39m
            [36m>[39m
              [36m<img[39m
                [33malt[39m=[32m"Worthsmith"[39m
                [33mclass[39m=[32m"w-14 h-14 object-contain drop-shadow-md"[39m
                [33msrc[39m=[32m"/images/worthsmith-logo.png"[39m
              [36m/>[39m
              [36m<div>[39m
                [36m<h1[39m
                  [33mclass[39m=[32m"text-2xl font-bold text-slate-800"[39m
                [36m>[39m
                  [0mWorthsmith[0m
                [36m</h1>[39m
                [36m<p[39m
                  [33mclass[39m=[32m"text-sm text-slate-500"[39m
                [36m>[39m
                  [0mValue Articulation Assistant[0m
                [36m</p>[39m
              [36m</div>[39m
            [36m</div>[39m
            [36m<div[39m
              [33mclass[39m=[32m"flex items-center gap-2"[39m
            [36m>[39m
              [36m<button[39m
                [33mclass[39m=[32m"flex items-center gap-2 px-4 py-2 text-sm text-indigo-600 hover:bg-indigo-50 rounded-lg 
transition-colors border-2 border-indigo-200 hover:border-indigo-300"[39m
              [36m>[39m
                [0m­ƒôè [0m
                [0mCompare Stories[0m
              [36m</button>[39m
              [36m<button[39m
                [33mclass[39m=[32m"flex items-center gap-2 px-4 py-2 text-sm rounded-lg transition-colors text-slate-600 
border-2 border-slate-200 hover:border-slate-300"[39m
                [33mtitle[39m=[32m"Switch to Express Mode (3 steps)"[39m
              [36m>[39m
                [0mÔÜí [0m
                [0mFull[0m
              [36m</button>[39m
              [36m<button[39m
                [33mclass[39m=[32m"flex items-center gap-2 px-4 py-2 text-sm text-emerald-600 hover:bg-emerald-50 
rounded-lg transition-colors"[39m
              [36m>[39m
                [0m­ƒÆ¥ Save Story[0m
              [36m</button>[39m
              [36m<button[39m
                [33mclass[39m=[32m"flex items-center gap-2 px-4 py-2 text-sm text-sky-600 hover:bg-sky-50 rounded-lg 
transition-colors"[39m
              [36m>[39m
                [36m<svg[39m
                  [33maria-hidden[39m=[32m"true"[39m
                  [33mclass[39m=[32m"lucide lucide-sparkles w-4 h-4"[39m
                  [33mfill[39m=[32m"none"[39m
                  [33mheight[39m=[32m"24"[39m
                  [33mstroke[39m=[32m"currentColor"[39m
                  [33mstroke-linecap[39m=[32m"round"[39m
                  [33mstroke-linejoin[39m=[32m"round"[39m
                  [33mstroke-width[39m=[32m"2"[39m
                  [33mviewBox[39m=[32m"0 0 24 24"[39m
                  [33mwidth[39m=[32m"24"[39m
                  [33mxmlns[39m=[32m"http://www.w3.org/2000/svg"[39m
                [36m>[39m
                  [36m<path[39m
                    [33md[39m=[32m"M11.017 2.814a1 1 0 0 1 1.966 0l1.051 5.558a2 2 0 0 0 1.594 1.594l5.558 1.051a1 1 0 0 1 
0 1.966l-5.558 1.051a2 2 0 0 0-1.594 1.594l-1.051 5.558a1 1 0 0 1-1.966 0l-1.051-5.558a2 2 0 0 0-1.594-1.594l-5.558-1.051a1 1 
0 0 1 0-1.966l5.558-1.051a2 2 0 0 0 1.594-1.594z"[39m
                  [36m/>[39m
                  [36m<path[39m
                    [33md[39m=[32m"M20 2v4"[39m
                  [36m/>[39m
                  [36m<path[39m
                    [33md[39m=[32m"M22 4h-4"[39m
                  [36m/>[39m
                  [36m<circle[39m
                    [33mcx[39m=[32m"4"[39m
                    [33mcy[39m=[32m"20"[39m
                    [33mr[39m=[32m"2"[39m
                  [36m/>[39m
                [36m</svg>[39m
                [36m<span[39m
                  [33mclass[39m=[32m"hidden sm:inline"[39m
                [36m>[39m
                  [0mLoad Example[0m
                [36m</span>[39m
              [36m</button>[39m
              [36m<button[39m
                [33mclass[39m=[32m"flex items-center gap-2 px-4 py-2 text-sm text-slate-600 hover:text-red-600 
hover:bg-red-50 rounded-lg transition-colors"[39m
              [36m>[39m
                [36m<svg[39m
                  [33maria-hidden[39m=[32m"true"[39m
                  [33mclass[39m=[32m"lucide lucide-rotate-ccw w-4 h-4"[39m
                  [33mfill[39m=[32m"none"[39m
                  [33mheight[39m=[32m"24"[39m
                  [33mstroke[39m=[32m"currentColor"[39m
                  [33mstroke-linecap[39m=[32m"round"[39m
                  [33mstroke-linejoin[39m=[32m"round"[39m
                  [33mstroke-width[39m=[32m"2"[39m
                  [33mviewBox[39m=[32m"0 0 24 24"[39m
                  [33mwidth[39m=[32m"24"[39m
                  [33mxmlns[39m=[32m"http://www.w3.org/2000/svg"[39m
                [36m>[39m
                  [36m<path[39m
                    [33md[39m=[32m"M3 12a9 9 0 1 0 9-9 9.75 9.75 0 0 0-6.74 2.74L3 8"[39m
                  [36m/>[39m
                  [36m<path[39m
                    [33md[39m=[32m"M3 3v5h5"[39m
                  [36m/>[39m
                [36m</svg>[39m
                [36m<span[39m
                  [33mclass[39m=[32m"hidden sm:inline"[39m
                [36m>[39m
                  [0mReset[0m
                [36m</span>[39m
              [36m</button>[39m
            [36m</div>[39m
          [36m</div>[39m
        [36m</div>[39m
        [36m<div[39m
          [33mclass[39m=[32m"bg-white rounded-xl shadow-lg p-6 mb-6 transition-all hover:shadow-xl"[39m
        [36m>[39m
          [36m<div[39m
            [33mclass[39m=[32m"flex items-center justify-between mb-2"[39m
          [36m>[39m
            [36m<div[39m
              [33mclass[39m=[32m"flex flex-col items-center gap-2"[39m
            [36m>[39m
              [36m<div[39m
                [33mclass[39m=[32m"w-12 h-12 rounded-full flex items-center justify-center font-semibold transition-all 
duration-300 bg-emerald-500 text-white shadow-md"[39m
              [36m>[39m
                [36m<svg[39m
                  [33maria-hidden[39m=[32m"true"[39m
                  [33mclass[39m=[32m"lucide lucide-circle-check w-6 h-6"[39m
                  [33mfill[39m=[32m"none"[39m
...
[90m [2mÔØ»[22m Object.getElementError node_modules/@testing-library/dom/dist/config.js:[2m37:19[22m[39m
[90m [2mÔØ»[22m node_modules/@testing-library/dom/dist/query-helpers.js:[2m76:38[22m[39m
[90m [2mÔØ»[22m node_modules/@testing-library/dom/dist/query-helpers.js:[2m52:17[22m[39m
[90m [2mÔØ»[22m node_modules/@testing-library/dom/dist/query-helpers.js:[2m95:19[22m[39m
[36m [2mÔØ»[22m src/App.test.jsx:[2m1191:33[22m[39m
    [90m1189| [39m
    [90m1190| [39m      [35mfor[39m ([35mlet[39m i [33m=[39m [34m0[39m[33m;[39m i [33m<[39m 
[34m5[39m[33m;[39m i[33m++[39m) {
    [90m1191| [39m        [35mawait[39m 
user[33m.[39m[34mclick[39m(screen[33m.[39m[34mgetByRole[39m([32m'button'[39m[33m,[39m { name[33m:[39m 
[36m/Next/i[39m }))
    [90m   | [39m                                [31m^[39m
    [90m1192| [39m      }
    [90m1193| [39m

[31m[2mÔÄ»ÔÄ»ÔÄ»ÔÄ»ÔÄ»ÔÄ»ÔÄ»ÔÄ»ÔÄ»ÔÄ»ÔÄ»ÔÄ»ÔÄ»ÔÄ»ÔÄ»ÔÄ»ÔÄ»ÔÄ»ÔÄ»ÔÄ»ÔÄ»ÔÄ»ÔÄ»ÔÄ»[7/8]ÔÄ»[22m[39m

[41m[1m FAIL [22m[49m src/App.test.jsx[2m > [22mWorthsmithApp[2m > [22mValue Canvas Generation[2m > [22mdisplays 
error message when API fails
[31m[1mTestingLibraryElementError[22m[39m: Unable to find an accessible element with the role "button" and name `/Next/i`

Here are the accessible roles:

  img:

  Name "Worthsmith":
  [36m<img[39m
    [33malt[39m=[32m"Worthsmith"[39m
    [33mclass[39m=[32m"w-14 h-14 object-contain drop-shadow-md"[39m
    [33msrc[39m=[32m"/images/worthsmith-logo.png"[39m
  [36m/>[39m

  --------------------------------------------------
  heading:

  Name "Worthsmith":
  [36m<h1[39m
    [33mclass[39m=[32m"text-2xl font-bold text-slate-800"[39m
  [36m/>[39m

  Name "How would you score this?":
  [36m<h2[39m
    [33mclass[39m=[32m"text-xl font-bold text-slate-800"[39m
  [36m/>[39m

  Name "Value Score":
  [36m<h3[39m
    [33mclass[39m=[32m"font-semibold text-slate-800"[39m
  [36m/>[39m

  Name "RICE Score":
  [36m<h3[39m
    [33mclass[39m=[32m"font-semibold text-slate-800"[39m
  [36m/>[39m

  Name "Recommendation":
  [36m<h4[39m
    [33mclass[39m=[32m"font-semibold text-slate-800 mb-2"[39m
  [36m/>[39m

  Name "Progress Overview":
  [36m<h3[39m
    [33mclass[39m=[32m"font-semibold text-slate-800"[39m
  [36m/>[39m

  Name "Value (Reach ├ù Impact)":
  [36m<h3[39m
    [33mclass[39m=[32m"font-semibold text-slate-800 mb-2"[39m
  [36m/>[39m

  Name "Confidence":
  [36m<h3[39m
    [33mclass[39m=[32m"font-semibold text-slate-800 mb-4 text-center"[39m
  [36m/>[39m

  Name "EVALUATE FURTHER":
  [36m<h3[39m
    [33mclass[39m=[32m"font-bold text-lg text-amber-700"[39m
  [36m/>[39m

  --------------------------------------------------
  paragraph:

  Name "":
  [36m<p[39m
    [33mclass[39m=[32m"text-sm text-slate-500"[39m
  [36m/>[39m

  Name "":
  [36m<p[39m
    [33mclass[39m=[32m"text-slate-600 mt-2"[39m
  [36m/>[39m

  Name "":
  [36m<p[39m
    [33mclass[39m=[32m"text-xs text-slate-500 mt-1"[39m
  [36m/>[39m

  Name "":
  [36m<p[39m
    [33mclass[39m=[32m"text-sm text-slate-600 mt-1"[39m
  [36m/>[39m

  Name "":
  [36m<p[39m
    [33mclass[39m=[32m"text-xs text-slate-500 mt-1"[39m
  [36m/>[39m

  Name "":
  [36m<p[39m
    [33mclass[39m=[32m"text-sm text-slate-600"[39m
  [36m/>[39m

  Name "":
  [36m<p[39m
    [33mclass[39m=[32m"text-xs text-slate-400 italic"[39m
  [36m/>[39m

  Name "":
  [36m<p[39m
    [33mclass[39m=[32m"text-xs text-slate-400 italic"[39m
  [36m/>[39m

  Name "":
  [36m<p[39m
    [33mclass[39m=[32m"text-xs text-slate-400 italic"[39m
  [36m/>[39m

  Name "":
  [36m<p[39m
    [33mclass[39m=[32m"text-xs text-slate-400 italic"[39m
  [36m/>[39m

  Name "":
  [36m<p[39m
    [33mclass[39m=[32m"text-xs text-slate-600 line-clamp-2"[39m
  [36m/>[39m

  Name "":
  [36m<p[39m
    [33mclass[39m=[32m"text-xs text-slate-500 mb-4"[39m
  [36m/>[39m

  Name "":
  [36m<p[39m
    [33mclass[39m=[32m"text-sm text-slate-600 mt-2"[39m
  [36m/>[39m

  --------------------------------------------------
  button:

  Name "­ƒôè Compare Stories":
  [36m<button[39m
    [33mclass[39m=[32m"flex items-center gap-2 px-4 py-2 text-sm text-indigo-600 hover:bg-indigo-50 rounded-lg 
transition-colors border-2 border-indigo-200 hover:border-indigo-300"[39m
  [36m/>[39m

  Name "ÔÜí Full":
  [36m<button[39m
    [33mclass[39m=[32m"flex items-center gap-2 px-4 py-2 text-sm rounded-lg transition-colors text-slate-600 border-2 
border-slate-200 hover:border-slate-300"[39m
    [33mtitle[39m=[32m"Switch to Express Mode (3 steps)"[39m
  [36m/>[39m

  Name "­ƒÆ¥ Save Story":
  [36m<button[39m
    [33mclass[39m=[32m"flex items-center gap-2 px-4 py-2 text-sm text-emerald-600 hover:bg-emerald-50 rounded-lg 
transition-colors"[39m
  [36m/>[39m

  Name "Load Example":
  [36m<button[39m
    [33mclass[39m=[32m"flex items-center gap-2 px-4 py-2 text-sm text-sky-600 hover:bg-sky-50 rounded-lg 
transition-colors"[39m
  [36m/>[39m

  Name "Reset":
  [36m<button[39m
    [33mclass[39m=[32m"flex items-center gap-2 px-4 py-2 text-sm text-slate-600 hover:text-red-600 hover:bg-red-50 
rounded-lg transition-colors"[39m
  [36m/>[39m

  Name "Back":
  [36m<button[39m
    [33mclass[39m=[32m"flex items-center gap-2 px-6 py-3 text-slate-600 hover:text-slate-800 disabled:opacity-30 
disabled:cursor-not-allowed transition-all hover:gap-3"[39m
  [36m/>[39m

  Name "Generate Statement":
  [36m<button[39m
    [33mclass[39m=[32m"flex items-center gap-2 px-6 py-3 bg-sky-600 hover:bg-sky-700 text-white rounded-lg font-medium 
shadow-md hover:shadow-lg transition-all hover:gap-3"[39m
  [36m/>[39m

  --------------------------------------------------
  slider:

  Name "":
  [36m<input[39m
    [33mclass[39m=[32m"w-full h-2 rounded-lg appearance-none cursor-pointer transition-all"[39m
    [33mmax[39m=[32m"10"[39m
    [33mmin[39m=[32m"1"[39m
    [33mstyle[39m=[32m"background: linear-gradient(to right, rgb(147, 51, 234) 0%, rgb(147, 51, 234) 55.55555555555556%, 
rgb(226, 232, 240) 55.55555555555556%, rgb(226, 232, 240) 100%);"[39m
    [33mtype[39m=[32m"range"[39m
    [33mvalue[39m=[32m"6"[39m
  [36m/>[39m

  Name "":
  [36m<input[39m
    [33mclass[39m=[32m"w-full h-2 rounded-lg appearance-none cursor-pointer transition-all"[39m
    [33mmax[39m=[32m"10"[39m
    [33mmin[39m=[32m"1"[39m
    [33mstyle[39m=[32m"background: linear-gradient(to right, rgb(16, 185, 129) 0%, rgb(16, 185, 129) 55.55555555555556%, 
rgb(226, 232, 240) 55.55555555555556%, rgb(226, 232, 240) 100%);"[39m
    [33mtype[39m=[32m"range"[39m
    [33mvalue[39m=[32m"6"[39m
  [36m/>[39m

  Name "":
  [36m<input[39m
    [33mclass[39m=[32m"w-full h-2 rounded-lg appearance-none cursor-pointer transition-all"[39m
    [33mmax[39m=[32m"10"[39m
    [33mmin[39m=[32m"1"[39m
    [33mstyle[39m=[32m"background: linear-gradient(to right, rgb(249, 115, 22) 0%, rgb(249, 115, 22) 55.55555555555556%, 
rgb(226, 232, 240) 55.55555555555556%, rgb(226, 232, 240) 100%);"[39m
    [33mtype[39m=[32m"range"[39m
    [33mvalue[39m=[32m"6"[39m
  [36m/>[39m

  Name "":
  [36m<input[39m
    [33mclass[39m=[32m"w-full h-2 rounded-lg appearance-none cursor-pointer transition-all"[39m
    [33mmax[39m=[32m"10"[39m
    [33mmin[39m=[32m"1"[39m
    [33mstyle[39m=[32m"background: linear-gradient(to right, rgb(59, 130, 246) 0%, rgb(59, 130, 246) 55.55555555555556%, 
rgb(226, 232, 240) 55.55555555555556%, rgb(226, 232, 240) 100%);"[39m
    [33mtype[39m=[32m"range"[39m
    [33mvalue[39m=[32m"6"[39m
  [36m/>[39m

  --------------------------------------------------
  strong:

  Name "":
  [36m<strong />[39m

  --------------------------------------------------

Ignored nodes: comments, script, style
[36m<body>[39m
  [36m<div>[39m
    [36m<div[39m
      [33mclass[39m=[32m"min-h-screen bg-gradient-to-br from-slate-50 via-blue-50 to-slate-100 p-4 md:p-8"[39m
    [36m>[39m
      [36m<div[39m
        [33mclass[39m=[32m"max-w-7xl mx-auto"[39m
      [36m>[39m
        [36m<div[39m
          [33mclass[39m=[32m"bg-white rounded-2xl shadow-lg p-6 mb-6 transition-all hover:shadow-xl"[39m
        [36m>[39m
          [36m<div[39m
            [33mclass[39m=[32m"flex items-center justify-between"[39m
          [36m>[39m
            [36m<div[39m
              [33mclass[39m=[32m"flex items-center gap-4"[39m
            [36m>[39m
              [36m<img[39m
                [33malt[39m=[32m"Worthsmith"[39m
                [33mclass[39m=[32m"w-14 h-14 object-contain drop-shadow-md"[39m
                [33msrc[39m=[32m"/images/worthsmith-logo.png"[39m
              [36m/>[39m
              [36m<div>[39m
                [36m<h1[39m
                  [33mclass[39m=[32m"text-2xl font-bold text-slate-800"[39m
                [36m>[39m
                  [0mWorthsmith[0m
                [36m</h1>[39m
                [36m<p[39m
                  [33mclass[39m=[32m"text-sm text-slate-500"[39m
                [36m>[39m
                  [0mValue Articulation Assistant[0m
                [36m</p>[39m
              [36m</div>[39m
            [36m</div>[39m
            [36m<div[39m
              [33mclass[39m=[32m"flex items-center gap-2"[39m
            [36m>[39m
              [36m<button[39m
                [33mclass[39m=[32m"flex items-center gap-2 px-4 py-2 text-sm text-indigo-600 hover:bg-indigo-50 rounded-lg 
transition-colors border-2 border-indigo-200 hover:border-indigo-300"[39m
              [36m>[39m
                [0m­ƒôè [0m
                [0mCompare Stories[0m
              [36m</button>[39m
              [36m<button[39m
                [33mclass[39m=[32m"flex items-center gap-2 px-4 py-2 text-sm rounded-lg transition-colors text-slate-600 
border-2 border-slate-200 hover:border-slate-300"[39m
                [33mtitle[39m=[32m"Switch to Express Mode (3 steps)"[39m
              [36m>[39m
                [0mÔÜí [0m
                [0mFull[0m
              [36m</button>[39m
              [36m<button[39m
                [33mclass[39m=[32m"flex items-center gap-2 px-4 py-2 text-sm text-emerald-600 hover:bg-emerald-50 
rounded-lg transition-colors"[39m
              [36m>[39m
                [0m­ƒÆ¥ Save Story[0m
              [36m</button>[39m
              [36m<button[39m
                [33mclass[39m=[32m"flex items-center gap-2 px-4 py-2 text-sm text-sky-600 hover:bg-sky-50 rounded-lg 
transition-colors"[39m
              [36m>[39m
                [36m<svg[39m
                  [33maria-hidden[39m=[32m"true"[39m
                  [33mclass[39m=[32m"lucide lucide-sparkles w-4 h-4"[39m
                  [33mfill[39m=[32m"none"[39m
                  [33mheight[39m=[32m"24"[39m
                  [33mstroke[39m=[32m"currentColor"[39m

[2m Test Files [22m [1m[31m1 failed[39m[22m[90m (1)[39m
[2m      Tests [22m [1m[31m8 failed[39m[22m[2m | [22m[1m[32m51 passed[39m[22m[90m (59)[39m
[2m   Start at [22m 20:46:30
                  [33mstroke-linecap[39m=[32m"round"[39m
[2m   Duration [22m 76.52s[2m (transform 452ms, setup 621ms, import 1.12s, tests 71.91s, environment 2.25s)[22m

                  [33mstroke-linejoin[39m=[32m"round"[39m
                  [33mstroke-width[39m=[32m"2"[39m
                  [33mviewBox[39m=[32m"0 0 24 24"[39m
                  [33mwidth[39m=[32m"24"[39m
                  [33mxmlns[39m=[32m"http://www.w3.org/2000/svg"[39m
                [36m>[39m
                  [36m<path[39m
                    [33md[39m=[32m"M11.017 2.814a1 1 0 0 1 1.966 0l1.051 5.558a2 2 0 0 0 1.594 1.594l5.558 1.051a1 1 0 0 1 
0 1.966l-5.558 1.051a2 2 0 0 0-1.594 1.594l-1.051 5.558a1 1 0 0 1-1.966 0l-1.051-5.558a2 2 0 0 0-1.594-1.594l-5.558-1.051a1 1 
0 0 1 0-1.966l5.558-1.051a2 2 0 0 0 1.594-1.594z"[39m
                  [36m/>[39m
                  [36m<path[39m
                    [33md[39m=[32m"M20 2v4"[39m
                  [36m/>[39m
                  [36m<path[39m
                    [33md[39m=[32m"M22 4h-4"[39m
                  [36m/>[39m
                  [36m<circle[39m
                    [33mcx[39m=[32m"4"[39m
                    [33mcy[39m=[32m"20"[39m
                    [33mr[39m=[32m"2"[39m
                  [36m/>[39m
                [36m</svg>[39m
                [36m<span[39m
                  [33mclass[39m=[32m"hidden sm:inline"[39m
                [36m>[39m
                  [0mLoad Example[0m
                [36m</span>[39m
              [36m</button>[39m
              [36m<button[39m
                [33mclass[39m=[32m"flex items-center gap-2 px-4 py-2 text-sm text-slate-600 hover:text-red-600 
hover:bg-red-50 rounded-lg transition-colors"[39m
              [36m>[39m
                [36m<svg[39m
                  [33maria-hidden[39m=[32m"true"[39m
                  [33mclass[39m=[32m"lucide lucide-rotate-ccw w-4 h-4"[39m
                  [33mfill[39m=[32m"none"[39m
                  [33mheight[39m=[32m"24"[39m
                  [33mstroke[39m=[32m"currentColor"[39m
                  [33mstroke-linecap[39m=[32m"round"[39m
                  [33mstroke-linejoin[39m=[32m"round"[39m
                  [33mstroke-width[39m=[32m"2"[39m
                  [33mviewBox[39m=[32m"0 0 24 24"[39m
                  [33mwidth[39m=[32m"24"[39m
                  [33mxmlns[39m=[32m"http://www.w3.org/2000/svg"[39m
                [36m>[39m
                  [36m<path[39m
                    [33md[39m=[32m"M3 12a9 9 0 1 0 9-9 9.75 9.75 0 0 0-6.74 2.74L3 8"[39m
                  [36m/>[39m
                  [36m<path[39m
                    [33md[39m=[32m"M3 3v5h5"[39m
                  [36m/>[39m
                [36m</svg>[39m
                [36m<span[39m
                  [33mclass[39m=[32m"hidden sm:inline"[39m
                [36m>[39m
                  [0mReset[0m
                [36m</span>[39m
              [36m</button>[39m
            [36m</div>[39m
          [36m</div>[39m
        [36m</div>[39m
        [36m<div[39m
          [33mclass[39m=[32m"bg-white rounded-xl shadow-lg p-6 mb-6 transition-all hover:shadow-xl"[39m
        [36m>[39m
          [36m<div[39m
            [33mclass[39m=[32m"flex items-center justify-between mb-2"[39m
          [36m>[39m
            [36m<div[39m
              [33mclass[39m=[32m"flex flex-col items-center gap-2"[39m
            [36m>[39m
              [36m<div[39m
                [33mclass[39m=[32m"w-12 h-12 rounded-full flex items-center justify-center font-semibold transition-all 
duration-300 bg-emerald-500 text-white shadow-md"[39m
              [36m>[39m
                [36m<svg[39m
                  [33maria-hidden[39m=[32m"true"[39m
                  [33mclass[39m=[32m"lucide lucide-circle-check w-6 h-6"[39m
                  [33mfill[39m=[32m"none"[39m
...
[90m [2mÔØ»[22m Object.getElementError node_modules/@testing-library/dom/dist/config.js:[2m37:19[22m[39m
[90m [2mÔØ»[22m node_modules/@testing-library/dom/dist/query-helpers.js:[2m76:38[22m[39m
[90m [2mÔØ»[22m node_modules/@testing-library/dom/dist/query-helpers.js:[2m52:17[22m[39m
[90m [2mÔØ»[22m node_modules/@testing-library/dom/dist/query-helpers.js:[2m95:19[22m[39m
[36m [2mÔØ»[22m src/App.test.jsx:[2m1222:33[22m[39m
    [90m1220| [39m
    [90m1221| [39m      [35mfor[39m ([35mlet[39m i [33m=[39m [34m0[39m[33m;[39m i [33m<[39m 
[34m5[39m[33m;[39m i[33m++[39m) {
    [90m1222| [39m        [35mawait[39m 
user[33m.[39m[34mclick[39m(screen[33m.[39m[34mgetByRole[39m([32m'button'[39m[33m,[39m { name[33m:[39m 
[36m/Next/i[39m }))
    [90m   | [39m                                [31m^[39m
    [90m1223| [39m      }
    [90m1224| [39m

[31m[2mÔÄ»ÔÄ»ÔÄ»ÔÄ»ÔÄ»ÔÄ»ÔÄ»ÔÄ»ÔÄ»ÔÄ»ÔÄ»ÔÄ»ÔÄ»ÔÄ»ÔÄ»ÔÄ»ÔÄ»ÔÄ»ÔÄ»ÔÄ»ÔÄ»ÔÄ»ÔÄ»ÔÄ»[8/8]ÔÄ»[22m[39m

